<html>
<body>
<pre>
<h1>礦ision Build Log</h1>
<h2>Tool Versions:</h2>
IDE-Version: μVision V5.40.0.0
Copyright (C) 2024 ARM Ltd and ARM Germany GmbH. All rights reserved.
License Information: 1 1, 1, LIC=YA39H-WKIMK-01HP1-CVA91-IMF3X-WT9UX
 
Tool Versions:
Toolchain:       MDK-ARM Plus  Version: 5.40.0.3
Toolchain Path:  D:\work\MDK540\ARM\ARMCC\Bin
C Compiler:      Armcc.exe V5.06 update 7 (build 960)
Assembler:       Armasm.exe V5.06 update 7 (build 960)
Linker/Locator:  ArmLink.exe V5.06 update 7 (build 960)
Library Manager: ArmAr.exe V5.06 update 7 (build 960)
Hex Converter:   FromElf.exe V5.06 update 7 (build 960)
CPU DLL:         SARMCM3.DLL V5.40.0.3
Dialog DLL:      DARMSTM.DLL V1.69.1.0
Target DLL:      CMSIS_AGDI.dll V1.33.18.0
Dialog DLL:      TARMSTM.DLL V1.67.1.0
 
<h2>Project:</h2>
D:\zhuomian\MyLVGL无电机版本[只带密码锁]\User\LVGL.uvprojx
Project File Date:  11/25/2024

<h2>Output:</h2>
*** Using Compiler 'V5.06 update 7 (build 960)', folder: 'D:\work\MDK540\ARM\ARMCC\Bin'
Build target 'LVGL'
assembling startup_stm32f10x_hd.s...
compiling stm32f10x_dma.c...
compiling stm32f10x_cec.c...
compiling stm32f10x_crc.c...
compiling stm32f10x_bkp.c...
compiling stm32f10x_adc.c...
compiling usart.c...
compiling stm32f10x_dac.c...
compiling delay.c...
compiling stm32f10x_dbgmcu.c...
compiling stm32f10x_can.c...
compiling stm32f10x_exti.c...
compiling misc.c...
compiling core_cm3.c...
compiling stm32f10x_flash.c...
compiling sys.c...
compiling stm32f10x_fsmc.c...
compiling stm32f10x_gpio.c...
compiling stm32f10x_i2c.c...
compiling stm32f10x_iwdg.c...
compiling stm32f10x_rtc.c...
compiling stm32f10x_pwr.c...
compiling stm32f10x_sdio.c...
compiling stm32f10x_usart.c...
compiling stm32f10x_wwdg.c...
compiling led.c...
compiling stm32f10x_spi.c...
compiling key.c...
compiling stm32f10x_rcc.c...
compiling stm32f10x_tim.c...
compiling lcd.c...
compiling myiic.c...
compiling 24cxx.c...
compiling spi.c...
compiling lv_disp.c...
compiling lv_event.c...
compiling ctiic.c...
compiling gt9147.c...
compiling lv_group.c...
compiling sram.c...
compiling ott2001a.c...
compiling w25qxx.c...
compiling touch.c...
compiling ft5206.c...
compiling timer.c...
compiling lv_indev.c...
compiling lv_indev_scroll.c...
compiling lv_port_disp_template.c...
compiling lv_port_indev_template.c...
compiling lv_obj.c...
compiling lv_obj_class.c...
compiling lv_obj_style_gen.c...
compiling lv_draw_sw.c...
compiling lv_obj_draw.c...
compiling lv_obj_style.c...
compiling lv_obj_tree.c...
compiling lv_theme.c...
compiling lv_draw_sw_arc.c...
compiling lv_obj_pos.c...
compiling lv_obj_scroll.c...
compiling lv_refr.c...
compiling lv_draw_sw_gradient.c...
compiling lv_draw_sw_dither.c...
compiling lv_draw_sw_blend.c...
compiling lv_draw_sw_letter.c...
compiling lv_draw_sw_line.c...
compiling lv_draw_sw_img.c...
compiling lv_draw_sw_polygon.c...
compiling lv_draw.c...
compiling lv_draw_arc.c...
compiling lv_draw_line.c...
compiling lv_draw_rect.c...
compiling lv_draw_img.c...
compiling lv_draw_label.c...
compiling lv_img_cache.c...
compiling lv_draw_sw_rect.c...
compiling lv_draw_mask.c...
compiling lv_draw_triangle.c...
compiling lv_img_buf.c...
compiling lv_img_decoder.c...
compiling lv_grid.c...
compiling lv_bmp.c...
compiling lv_flex.c...
compiling gifdec.c...
compiling lv_fs_fatfs.c...
compiling lv_ffmpeg.c...
compiling lv_fs_stdio.c...
compiling lv_gif.c...
compiling lv_freetype.c...
compiling lv_fs_win32.c...
compiling lv_qrcode.c...
compiling lv_fs_posix.c...
compiling lv_png.c...
compiling tjpgd.c...
compiling qrcodegen.c...
compiling lodepng.c...
compiling lv_rlottie.c...
compiling lv_gridnav.c...
compiling lv_monkey.c...
compiling lv_snapshot.c...
compiling lv_sjpg.c...
compiling lv_calendar_header_arrow.c...
compiling lv_calendar_header_dropdown.c...
compiling lv_theme_basic.c...
compiling lv_theme_mono.c...
compiling lv_imgbtn.c...
compiling lv_animimg.c...
compiling lv_keyboard.c...
compiling lv_theme_default.c...
compiling lv_calendar.c...
compiling lv_led.c...
compiling lv_colorwheel.c...
compiling lv_chart.c...
compiling lv_meter.c...
compiling lv_menu.c...
compiling lv_list.c...
compiling lv_msgbox.c...
compiling lv_font.c...
compiling lv_spinner.c...
compiling lv_win.c...
compiling lv_span.c...
compiling lv_font_dejavu_16_persian_hebrew.c...
compiling lv_tabview.c...
compiling lv_tileview.c...
compiling lv_extra.c...
compiling lv_spinbox.c...
compiling lv_font_fmt_txt.c...
compiling lv_font_montserrat_8.c...
compiling lv_font_montserrat_12.c...
compiling lv_font_montserrat_12_subpx.c...
compiling lv_font_montserrat_10.c...
compiling lv_font_loader.c...
compiling lv_font_montserrat_14.c...
compiling lv_font_montserrat_18.c...
compiling lv_font_montserrat_26.c...
compiling lv_font_montserrat_28_compressed.c...
compiling lv_font_montserrat_16.c...
compiling lv_font_montserrat_20.c...
compiling lv_font_montserrat_22.c...
compiling lv_font_montserrat_30.c...
compiling lv_font_montserrat_28.c...
compiling lv_font_montserrat_24.c...
compiling lv_font_montserrat_32.c...
compiling lv_font_montserrat_34.c...
compiling lv_font_montserrat_36.c...
compiling lv_font_montserrat_38.c...
compiling lv_draw_sdl.c...
compiling lv_font_montserrat_42.c...
compiling lv_font_unscii_8.c...
compiling lv_font_montserrat_44.c...
compiling lv_font_montserrat_40.c...
compiling lv_font_unscii_16.c...
compiling lv_font_montserrat_48.c...
compiling lv_draw_sdl_arc.c...
compiling lv_font_montserrat_46.c...
compiling lv_font_simsun_16_cjk.c...
compiling lv_draw_sdl_composite.c...
compiling lv_draw_sdl_img.c...
compiling lv_draw_sdl_bg.c...
compiling lv_draw_sdl_line.c...
compiling lv_draw_sdl_rect.c...
compiling lv_draw_sdl_mask.c...
compiling lv_draw_sdl_polygon.c...
compiling lv_draw_sdl_label.c...
compiling lv_draw_sdl_texture_cache.c...
compiling lv_draw_sdl_utils.c...
compiling lv_draw_sdl_stack_blur.c...
compiling lv_hal_indev.c...
compiling lv_async.c...
compiling lv_anim.c...
compiling lv_gpu_stm32_dma2d.c...
compiling lv_anim_timeline.c...
compiling lv_bidi.c...
compiling lv_hal_disp.c...
compiling lv_color.c...
compiling lv_fs.c...
compiling lv_ll.c...
compiling lv_area.c...
compiling lv_log.c...
compiling lv_gc.c...
compiling lv_lru.c...
compiling lv_hal_tick.c...
compiling lv_templ.c...
compiling lv_math.c...
compiling lv_style.c...
compiling lv_utils.c...
compiling lv_tlsf.c...
compiling lv_timer.c...
compiling lv_printf.c...
compiling lv_style_gen.c...
compiling lv_mem.c...
compiling lv_txt_ap.c...
compiling lv_txt.c...
compiling lv_btn.c...
compiling lv_bar.c...
compiling lv_arc.c...
compiling lv_btnmatrix.c...
compiling lv_canvas.c...
compiling lv_checkbox.c...
compiling lv_objx_templ.c...
compiling lv_img.c...
compiling lv_dropdown.c...
compiling lv_label.c...
compiling lv_switch.c...
compiling lv_line.c...
compiling lv_roller.c...
compiling lv_slider.c...
compiling lv_table.c...
compiling lv_demo_stress.c...
compiling lv_textarea.c...
compiling lv_font_montserrat_28_compr_az.c...
compiling lv_font_montserrat_16_compr_az.c...
compiling img_lv_demo_music_btn_corner_large.c...
compiling lv_font_montserrat_12_compr_az.c...
compiling img_lv_demo_music_btn_list_play.c...
compiling img_lv_demo_music_btn_list_pause.c...
compiling img_lv_demo_music_btn_loop_large.c...
compiling img_lv_demo_music_btn_list_play_large.c...
compiling img_lv_demo_music_btn_loop.c...
compiling img_lv_demo_music_btn_list_pause_large.c...
compiling img_lv_demo_music_btn_next.c...
compiling img_lv_demo_music_btn_next_large.c...
compiling img_lv_demo_music_btn_pause.c...
compiling img_lv_demo_music_btn_pause_large.c...
compiling img_lv_demo_music_btn_play.c...
compiling img_lv_demo_music_btn_prev.c...
compiling img_lv_demo_music_btn_play_large.c...
compiling img_lv_demo_music_btn_rnd.c...
compiling img_lv_demo_music_btn_prev_large.c...
compiling img_lv_demo_music_btn_rnd_large.c...
compiling img_lv_demo_music_corner_left_large.c...
compiling img_lv_demo_music_corner_left.c...
compiling img_lv_demo_music_corner_right.c...
compiling img_lv_demo_music_corner_right_large.c...
compiling img_lv_demo_music_cover_1.c...
compiling img_lv_demo_music_cover_2.c...
compiling img_lv_demo_music_cover_3.c...
compiling img_lv_demo_music_icon_3.c...
compiling img_lv_demo_music_icon_1_large.c...
compiling img_lv_demo_music_icon_2.c...
compiling img_lv_demo_music_icon_1.c...
compiling img_lv_demo_music_icon_3_large.c...
compiling img_lv_demo_music_icon_2_large.c...
compiling img_lv_demo_music_cover_1_large.c...
compiling img_lv_demo_music_list_border.c...
compiling img_lv_demo_music_icon_4_large.c...
compiling img_lv_demo_music_icon_4.c...
compiling img_lv_demo_music_cover_2_large.c...
compiling img_lv_demo_music_list_border_large.c...
compiling img_lv_demo_music_cover_3_large.c...
compiling img_lv_demo_music_logo.c...
compiling img_lv_demo_music_slider_knob.c...
compiling img_lv_demo_music_slider_knob_large.c...
compiling img_lv_demo_music_wave_bottom.c...
compiling lv_demo_music_list.c...
compiling lv_demo_music_main.c...
compiling img_lv_demo_music_wave_top.c...
compiling img_lv_demo_music_wave_bottom_large.c...
compiling lv_demo_music.c...
compiling correct.c...
compiling img_lv_demo_music_wave_top_large.c...
compiling incorrect.c...
compiling main.c...
compiling stm32f10x_it.c...
compiling system_stm32f10x.c...
compiling lv_cb.c...
compiling lv_mainstart.c...
compiling croutine.c...
compiling event_groups.c...
compiling lvgl_demo.c...
compiling list.c...
compiling heap_4.c...
compiling malloc.c...
compiling timers.c...
compiling queue.c...
compiling stream_buffer.c...
compiling tasks.c...
compiling port.c...
linking...
Program Size: Code=297818 RO-data=80110 RW-data=1036 ZI-data=1604436  
FromELF: creating hex file...
"..\OBJ\TOUCH.axf" - 0 Error(s), 0 Warning(s).

<h2>Software Packages used:</h2>

Package Vendor: Keil
                https://www.keil.com/pack/Keil.STM32F1xx_DFP.2.4.1.pack
                Keil::STM32F1xx_DFP@2.4.1
                STMicroelectronics STM32F1 Series Device Support, Drivers and Examples

<h2>Collection of Component include folders:</h2>
  D:/work/MDK540/Keil/STM32F1xx_DFP/2.4.1/Device/Include

<h2>Collection of Component Files used:</h2>
Build Time Elapsed:  00:00:41
</pre>
</body>
</html>
