Component: ARM Compiler 5.06 update 7 (build 960) Tool: armlink [4d3601]

==============================================================================

Section Cross References

    startup_stm32f10x_hd.o(STACK) refers (Special) to heapauxi.o(.text) for __use_two_region_memory
    startup_stm32f10x_hd.o(HEAP) refers (Special) to heapauxi.o(.text) for __use_two_region_memory
    startup_stm32f10x_hd.o(RESET) refers (Special) to heapauxi.o(.text) for __use_two_region_memory
    startup_stm32f10x_hd.o(RESET) refers to startup_stm32f10x_hd.o(STACK) for __initial_sp
    startup_stm32f10x_hd.o(RESET) refers to startup_stm32f10x_hd.o(.text) for Reset_Handler
    startup_stm32f10x_hd.o(RESET) refers to stm32f10x_it.o(.text) for NMI_Handler
    startup_stm32f10x_hd.o(RESET) refers to port.o(.emb_text) for SVC_Handler
    startup_stm32f10x_hd.o(RESET) refers to delay.o(.text) for SysTick_Handler
    startup_stm32f10x_hd.o(RESET) refers to timer.o(.text) for TIM3_IRQHandler
    startup_stm32f10x_hd.o(RESET) refers to usart.o(.text) for USART1_IRQHandler
    startup_stm32f10x_hd.o(.text) refers (Special) to heapauxi.o(.text) for __use_two_region_memory
    startup_stm32f10x_hd.o(.text) refers to system_stm32f10x.o(.text) for SystemInit
    startup_stm32f10x_hd.o(.text) refers to __main.o(!!!main) for __main
    startup_stm32f10x_hd.o(.text) refers to startup_stm32f10x_hd.o(HEAP) for Heap_Mem
    startup_stm32f10x_hd.o(.text) refers to startup_stm32f10x_hd.o(STACK) for Stack_Mem
    delay.o(.text) refers to tasks.o(.text) for xTaskGetSchedulerState
    delay.o(.text) refers to port.o(.text) for xPortSysTickHandler
    delay.o(.text) refers to misc.o(.text) for SysTick_CLKSourceConfig
    delay.o(.text) refers to system_stm32f10x.o(.data) for SystemCoreClock
    delay.o(.text) refers to delay.o(.data) for fac_us
    usart.o(.text) refers (Special) to use_no_semi_2.o(.text) for __use_no_semihosting
    usart.o(.text) refers to stm32f10x_rcc.o(.text) for RCC_APB2PeriphClockCmd
    usart.o(.text) refers to stm32f10x_gpio.o(.text) for GPIO_Init
    usart.o(.text) refers to misc.o(.text) for NVIC_Init
    usart.o(.text) refers to stm32f10x_usart.o(.text) for USART_Init
    usart.o(.text) refers to usart.o(.data) for USART_RX_STA
    usart.o(.text) refers to usart.o(.bss) for USART_RX_BUF
    usart.o(.bss) refers (Special) to use_no_semi_2.o(.text) for __use_no_semihosting
    usart.o(.data) refers (Special) to use_no_semi_2.o(.text) for __use_no_semihosting
    stm32f10x_adc.o(.text) refers to stm32f10x_rcc.o(.text) for RCC_APB2PeriphResetCmd
    stm32f10x_bkp.o(.text) refers to stm32f10x_rcc.o(.text) for RCC_BackupResetCmd
    stm32f10x_can.o(.text) refers to stm32f10x_rcc.o(.text) for RCC_APB1PeriphResetCmd
    stm32f10x_cec.o(.text) refers to stm32f10x_rcc.o(.text) for RCC_APB1PeriphResetCmd
    stm32f10x_dac.o(.text) refers to stm32f10x_rcc.o(.text) for RCC_APB1PeriphResetCmd
    stm32f10x_gpio.o(.text) refers to stm32f10x_rcc.o(.text) for RCC_APB2PeriphResetCmd
    stm32f10x_i2c.o(.text) refers to stm32f10x_rcc.o(.text) for RCC_APB1PeriphResetCmd
    stm32f10x_pwr.o(.text) refers to stm32f10x_rcc.o(.text) for RCC_APB1PeriphResetCmd
    stm32f10x_rcc.o(.text) refers to stm32f10x_rcc.o(.data) for APBAHBPrescTable
    stm32f10x_spi.o(.text) refers to stm32f10x_rcc.o(.text) for RCC_APB2PeriphResetCmd
    stm32f10x_tim.o(.text) refers to stm32f10x_rcc.o(.text) for RCC_APB2PeriphResetCmd
    stm32f10x_usart.o(.text) refers to stm32f10x_rcc.o(.text) for RCC_APB2PeriphResetCmd
    stm32f10x_wwdg.o(.text) refers to stm32f10x_rcc.o(.text) for RCC_APB1PeriphResetCmd
    led.o(.text) refers to stm32f10x_rcc.o(.text) for RCC_APB2PeriphClockCmd
    led.o(.text) refers to stm32f10x_gpio.o(.text) for GPIO_Init
    key.o(.text) refers to stm32f10x_rcc.o(.text) for RCC_APB2PeriphClockCmd
    key.o(.text) refers to stm32f10x_gpio.o(.text) for GPIO_Init
    key.o(.text) refers to delay.o(.text) for delay_ms
    key.o(.text) refers to key.o(.data) for key_up
    lcd.o(.text) refers to _printf_percent.o(.ARM.Collect$$_printf_percent$$00000000) for _printf_percent
    lcd.o(.text) refers to _printf_x.o(.ARM.Collect$$_printf_percent$$0000000C) for _printf_x
    lcd.o(.text) refers to _printf_hex_int_ll_ptr.o(.text) for _printf_longlong_hex
    lcd.o(.text) refers to delay.o(.text) for delay_us
    lcd.o(.text) refers to lcd.o(.bss) for lcddev
    lcd.o(.text) refers to dflt_clz.o(x$fpl$dfltu) for __aeabi_ui2d
    lcd.o(.text) refers to dmul.o(x$fpl$dmul) for __aeabi_dmul
    lcd.o(.text) refers to dfixu.o(x$fpl$dfixu) for __aeabi_d2uiz
    lcd.o(.text) refers to lcd.o(.data) for POINT_COLOR
    lcd.o(.text) refers to stm32f10x_rcc.o(.text) for RCC_AHBPeriphClockCmd
    lcd.o(.text) refers to stm32f10x_gpio.o(.text) for GPIO_Init
    lcd.o(.text) refers to stm32f10x_fsmc.o(.text) for FSMC_NORSRAMInit
    lcd.o(.text) refers to __2printf.o(.text) for __2printf
    lcd.o(.text) refers to lcd.o(.constdata) for asc2_1206
[...]
    lv_menu_cont_class                       0x0804b384   Data          28  lv_menu.o(.constdata)
    lv_menu_section_class                    0x0804b3a0   Data          28  lv_menu.o(.constdata)
    lv_menu_separator_class                  0x0804b3bc   Data          28  lv_menu.o(.constdata)
    lv_menu_sidebar_cont_class               0x0804b3d8   Data          28  lv_menu.o(.constdata)
    lv_menu_main_cont_class                  0x0804b3f4   Data          28  lv_menu.o(.constdata)
    lv_menu_main_header_cont_class           0x0804b410   Data          28  lv_menu.o(.constdata)
    lv_menu_sidebar_header_cont_class        0x0804b42c   Data          28  lv_menu.o(.constdata)
    lv_meter_class                           0x0804b448   Data          28  lv_meter.o(.constdata)
    lv_msgbox_class                          0x0804b4d4   Data          28  lv_msgbox.o(.constdata)
    lv_msgbox_content_class                  0x0804b4f0   Data          28  lv_msgbox.o(.constdata)
    lv_msgbox_backdrop_class                 0x0804b50c   Data          28  lv_msgbox.o(.constdata)
    lv_spinbox_class                         0x0804b53c   Data          28  lv_spinbox.o(.constdata)
    lv_spinner_class                         0x0804b558   Data          28  lv_spinner.o(.constdata)
    lv_tabview_class                         0x0804b574   Data          28  lv_tabview.o(.constdata)
    lv_tileview_class                        0x0804b590   Data          28  lv_tileview.o(.constdata)
    lv_tileview_tile_class                   0x0804b5ac   Data          28  lv_tileview.o(.constdata)
    lv_win_class                             0x0804b5dc   Data          28  lv_win.o(.constdata)
    lv_font_montserrat_10                    0x0804dacc   Data          28  lv_font_montserrat_10.o(.constdata)
    lv_font_montserrat_14                    0x08051010   Data          28  lv_font_montserrat_14.o(.constdata)
    lv_font_montserrat_20                    0x08056530   Data          28  lv_font_montserrat_20.o(.constdata)
    lv_arc_class                             0x08056944   Data          28  lv_arc.o(.constdata)
    lv_bar_class                             0x08056970   Data          28  lv_bar.o(.constdata)
    lv_btn_class                             0x0805698c   Data          28  lv_btn.o(.constdata)
    lv_btnmatrix_class                       0x080569a8   Data          28  lv_btnmatrix.o(.constdata)
    lv_checkbox_class                        0x080569e4   Data          28  lv_checkbox.o(.constdata)
    lv_dropdown_class                        0x08056a00   Data          28  lv_dropdown.o(.constdata)
    lv_dropdownlist_class                    0x08056a1c   Data          28  lv_dropdown.o(.constdata)
    lv_img_class                             0x08056aa4   Data          28  lv_img.o(.constdata)
    lv_label_class                           0x08056ad8   Data          28  lv_label.o(.constdata)
    lv_line_class                            0x08056b90   Data          28  lv_line.o(.constdata)
    lv_roller_class                          0x08056bac   Data          28  lv_roller.o(.constdata)
    lv_roller_label_class                    0x08056bc8   Data          28  lv_roller.o(.constdata)
    lv_slider_class                          0x08056c18   Data          28  lv_slider.o(.constdata)
    lv_switch_class                          0x08056c34   Data          28  lv_switch.o(.constdata)
    lv_table_class                           0x08056c50   Data          28  lv_table.o(.constdata)
    lv_textarea_class                        0x08056d40   Data          28  lv_textarea.o(.constdata)
    correct_map                              0x08056e08   Data        7500  correct.o(.constdata)
    correct                                  0x08058b54   Data          12  correct.o(.constdata)
    incorrect_map                            0x08058b60   Data       11532  incorrect.o(.constdata)
    incorrect                                0x0805b86c   Data          12  incorrect.o(.constdata)
    memtblsize                               0x0805b878   Data           8  malloc.o(.constdata)
    memblksize                               0x0805b880   Data           8  malloc.o(.constdata)
    memsize                                  0x0805b888   Data           8  malloc.o(.constdata)
    Region$$Table$$Base                      0x0805c2fc   Number         0  anon$$obj.o(Region$$Table)
    Region$$Table$$Limit                     0x0805c31c   Number         0  anon$$obj.o(Region$$Table)
    __ctype                                  0x0805c345   Data           0  lc_ctype_c.o(locale$$data)
    __stdout                                 0x20000004   Data           4  usart.o(.data)
    USART_RX_STA                             0x20000008   Data           2  usart.o(.data)
    POINT_COLOR                              0x20000020   Data           2  lcd.o(.data)
    BACK_COLOR                               0x20000022   Data           2  lcd.o(.data)
    tp_dev                                   0x20000024   Data          52  touch.o(.data)
    CMD_RDX                                  0x20000058   Data           1  touch.o(.data)
    CMD_RDY                                  0x20000059   Data           1  touch.o(.data)
    CIP                                      0x2000005b   Data           5  ft5206.o(.data)
    g_gt_tnum                                0x20000060   Data           1  ft5206.o(.data)
    indev_touchpad                           0x20000064   Data           4  lv_port_indev_template.o(.data)
    indev_keypad                             0x20000068   Data           4  lv_port_indev_template.o(.data)
    my_key                                   0x2000006c   Data           1  lv_port_indev_template.o(.data)
    LV_LAYOUT_FLEX                           0x200000bc   Data           4  lv_flex.o(.data)
    LV_STYLE_FLEX_FLOW                       0x200000c0   Data           2  lv_flex.o(.data)
    LV_STYLE_FLEX_MAIN_PLACE                 0x200000c2   Data           2  lv_flex.o(.data)
    LV_STYLE_FLEX_CROSS_PLACE                0x200000c4   Data           2  lv_flex.o(.data)
    LV_STYLE_FLEX_TRACK_PLACE                0x200000c6   Data           2  lv_flex.o(.data)
    LV_STYLE_FLEX_GROW                       0x200000c8   Data           2  lv_flex.o(.data)
    LV_LAYOUT_GRID                           0x200000cc   Data           4  lv_grid.o(.data)
    LV_STYLE_GRID_COLUMN_DSC_ARRAY           0x200000d0   Data           2  lv_grid.o(.data)
    LV_STYLE_GRID_COLUMN_ALIGN               0x200000d2   Data           2  lv_grid.o(.data)
    LV_STYLE_GRID_ROW_DSC_ARRAY              0x200000d4   Data           2  lv_grid.o(.data)
    LV_STYLE_GRID_ROW_ALIGN                  0x200000d6   Data           2  lv_grid.o(.data)
    LV_STYLE_GRID_CELL_COLUMN_POS            0x200000d8   Data           2  lv_grid.o(.data)
    LV_STYLE_GRID_CELL_COLUMN_SPAN           0x200000da   Data           2  lv_grid.o(.data)
    LV_STYLE_GRID_CELL_X_ALIGN               0x200000dc   Data           2  lv_grid.o(.data)
    LV_STYLE_GRID_CELL_ROW_POS               0x200000de   Data           2  lv_grid.o(.data)
    LV_STYLE_GRID_CELL_ROW_SPAN              0x200000e0   Data           2  lv_grid.o(.data)
    LV_STYLE_GRID_CELL_Y_ALIGN               0x200000e2   Data           2  lv_grid.o(.data)
    _lv_layout_list                          0x200001f8   Data           4  lv_gc.o(.data)
    _lv_timer_act                            0x200001fc   Data           4  lv_gc.o(.data)
    _lv_theme_default_styles                 0x20000200   Data           4  lv_gc.o(.data)
    _lv_theme_basic_styles                   0x20000204   Data           4  lv_gc.o(.data)
    _lv_grad_cache_mem                       0x20000208   Data           4  lv_gc.o(.data)
    _lv_txt_encoded_size                     0x20000248   Data           4  lv_txt.o(.data)
    _lv_txt_unicode_to_encoded               0x2000024c   Data           4  lv_txt.o(.data)
    _lv_txt_encoded_conv_wc                  0x20000250   Data           4  lv_txt.o(.data)
    _lv_txt_encoded_next                     0x20000254   Data           4  lv_txt.o(.data)
    _lv_txt_encoded_prev                     0x20000258   Data           4  lv_txt.o(.data)
    _lv_txt_encoded_get_byte_id              0x2000025c   Data           4  lv_txt.o(.data)
    _lv_txt_encoded_get_char_id              0x20000260   Data           4  lv_txt.o(.data)
    _lv_txt_get_encoded_length               0x20000264   Data           4  lv_txt.o(.data)
    btn_enter                                0x2000028c   Data           4  lv_mainstart.o(.data)
    keyboard                                 0x20000290   Data           4  lv_mainstart.o(.data)
    textarea                                 0x20000294   Data           4  lv_mainstart.o(.data)
    DC_Motor_label_speed                     0x20000298   Data           4  lv_mainstart.o(.data)
    DC_Motor_btn_speed_up                    0x2000029c   Data           4  lv_mainstart.o(.data)
    DC_Motor_btn_speed_down                  0x200002a0   Data           4  lv_mainstart.o(.data)
    DC_Motor_btn_stop                        0x200002a4   Data           4  lv_mainstart.o(.data)
    DC_Motor_btn_back                        0x200002a8   Data           4  lv_mainstart.o(.data)
    DC_Motor_speed_val                       0x200002ac   Data           4  lv_mainstart.o(.data)
    Step_Motor_label_speed                   0x200002b0   Data           4  lv_mainstart.o(.data)
    Step_Motor_btn_speed_up                  0x200002b4   Data           4  lv_mainstart.o(.data)
    Step_Motor_btn_speed_down                0x200002b8   Data           4  lv_mainstart.o(.data)
    Step_Motor_btn_stop                      0x200002bc   Data           4  lv_mainstart.o(.data)
    Step_Motor_btn_back                      0x200002c0   Data           4  lv_mainstart.o(.data)
    Step_Motor_speed_val                     0x200002c4   Data           4  lv_mainstart.o(.data)
    Bldc_Motor_label_speed                   0x200002c8   Data           4  lv_mainstart.o(.data)
    Bldc_Motor_btn_speed_up                  0x200002cc   Data           4  lv_mainstart.o(.data)
    Bldc_Motor_btn_speed_down                0x200002d0   Data           4  lv_mainstart.o(.data)
    Bldc_Motor_btn_stop                      0x200002d4   Data           4  lv_mainstart.o(.data)
    Bldc_Motor_btn_back                      0x200002d8   Data           4  lv_mainstart.o(.data)
    Bldc_Motor_speed_val                     0x200002dc   Data           4  lv_mainstart.o(.data)
    Servo_label_speed                        0x200002e0   Data           4  lv_mainstart.o(.data)
    Servo_btn_speed_up                       0x200002e4   Data           4  lv_mainstart.o(.data)
    Servo_btn_speed_down                     0x200002e8   Data           4  lv_mainstart.o(.data)
    Servo_btn_stop                           0x200002ec   Data           4  lv_mainstart.o(.data)
    Servo_btn_back                           0x200002f0   Data           4  lv_mainstart.o(.data)
    Servo_speed_val                          0x200002f4   Data           4  lv_mainstart.o(.data)
    val                                      0x200002f8   Data           2  lv_mainstart.o(.data)
    label_per                                0x200002fc   Data           4  lv_mainstart.o(.data)
    bar                                      0x20000300   Data           4  lv_mainstart.o(.data)
    correct_bmp                              0x20000304   Data           4  lv_mainstart.o(.data)
    incorrect_bmp                            0x20000308   Data           4  lv_mainstart.o(.data)
    loading_finish_flag                      0x2000030c   Data           1  lv_mainstart.o(.data)
    pass_flag                                0x2000030d   Data           1  lv_mainstart.o(.data)
    nopass_flag                              0x2000030e   Data           1  lv_mainstart.o(.data)
    timer                                    0x20000310   Data           4  lv_mainstart.o(.data)
    correct_flag                             0x20000314   Data           1  lv_mainstart.o(.data)
    incorrect_flag                           0x20000315   Data           1  lv_mainstart.o(.data)
    list                                     0x20000318   Data           4  lv_mainstart.o(.data)
    list_label                               0x2000031c   Data           4  lv_mainstart.o(.data)
    last_my_key                              0x20000328   Data           1  lv_cb.o(.data)
    mynummap                                 0x20000329   Data          10  lv_cb.o(.data)
    p                                        0x20000333   Data           1  lv_cb.o(.data)
    mynum                                    0x20000334   Data           1  lv_cb.o(.data)
    NUM                                      0x20000335   Data           1  lv_cb.o(.data)
    LAST_NUM                                 0x20000336   Data           1  lv_cb.o(.data)
    OK_FLAG                                  0x20000337   Data           1  lv_cb.o(.data)
    OK_LEFT                                  0x20000338   Data           1  lv_cb.o(.data)
    SUM                                      0x2000033c   Data           4  lv_cb.o(.data)
    i                                        0x20000340   Data           1  lv_cb.o(.data)
    pp                                       0x20000341   Data           1  lv_cb.o(.data)
    BackSum                                  0x20000344   Data           4  lv_cb.o(.data)
    uu                                       0x20000348   Data           1  lv_cb.o(.data)
    flag                                     0x20000349   Data           1  lv_cb.o(.data)
    t                                        0x2000034a   Data           1  lv_cb.o(.data)
    temp                                     0x2000034b   Data           1  lv_cb.o(.data)
    temp_2                                   0x2000034c   Data           1  lv_cb.o(.data)
    SystemCoreClock                          0x20000350   Data           4  system_stm32f10x.o(.data)
    AHBPrescTable                            0x20000354   Data          16  system_stm32f10x.o(.data)
    StartTask_Handler                        0x20000364   Data           4  lvgl_demo.o(.data)
    LV_DEMOTask_Handler                      0x20000368   Data           4  lvgl_demo.o(.data)
    LEDTask_Handler                          0x2000036c   Data           4  lvgl_demo.o(.data)
    pxCurrentTCB                             0x20000370   Data           4  tasks.o(.data)
    uxTopUsedPriority                        0x200003a8   Data           4  tasks.o(.data)
    mallco_dev                               0x200003f0   Data          28  malloc.o(.data)
    USART_RX_BUF                             0x2000040c   Data         200  usart.o(.bss)
    lcddev                                   0x200004d4   Data          14  lcd.o(.bss)
    _lv_timer_ll                             0x200006f0   Data          12  lv_gc.o(.bss)
    _lv_disp_ll                              0x200006fc   Data          12  lv_gc.o(.bss)
    _lv_indev_ll                             0x20000708   Data          12  lv_gc.o(.bss)
    _lv_fsdrv_ll                             0x20000714   Data          12  lv_gc.o(.bss)
    _lv_anim_ll                              0x20000720   Data          12  lv_gc.o(.bss)
    _lv_group_ll                             0x2000072c   Data          12  lv_gc.o(.bss)
    _lv_img_decoder_ll                       0x20000738   Data          12  lv_gc.o(.bss)
    _lv_obj_style_trans_ll                   0x20000744   Data          12  lv_gc.o(.bss)
    _lv_img_cache_single                     0x20000750   Data          44  lv_gc.o(.bss)
    lv_mem_buf                               0x2000077c   Data         128  lv_gc.o(.bss)
    _lv_circle_cache                         0x200007fc   Data         112  lv_gc.o(.bss)
    _lv_draw_mask_list                       0x2000086c   Data         128  lv_gc.o(.bss)
    buff                                     0x200008ec   Data          50  lv_cb.o(.bss)
    xQueueRegistry                           0x20000920   Data          64  queue.o(.bss)
    mem1base                                 0x20003480   Data       40960  malloc.o(.bss)
    mem1mapbase                              0x2000d480   Data        2560  malloc.o(.bss)
    __libspace_start                         0x2000de80   Data          96  libspace.o(.bss)
    __temporary_stack_top$libspace           0x2000dee0   Data           0  libspace.o(.bss)
    mem2base                                 0x68000000   Data       10240  malloc.o(.ARM.__AT_0x68000000)
    mem2mapbase                              0x68002800   Data         640  malloc.o(.ARM.__AT_0x68002800)



==============================================================================

Memory Map of the image

  Image Entry point : 0x08000131

  Load Region LR_IROM1 (Base: 0x08000000, Size: 0x0005c854, Max: 0x00080000, ABSOLUTE, COMPRESSED[0x0005c56c])

    Execution Region ER_IROM1 (Exec base: 0x08000000, Load base: 0x08000000, Size: 0x0005c448, Max: 0x00080000, ABSOLUTE)

    Exec Addr    Load Addr    Size         Type   Attr      Idx    E Section Name        Object

    0x08000000   0x08000000   0x00000130   Data   RO           19    RESET               startup_stm32f10x_hd.o
    0x08000130   0x08000130   0x00000008   Code   RO        24324  * !!!main             c_w.l(__main.o)
    0x08000138   0x08000138   0x00000034   Code   RO        24697    !!!scatter          c_w.l(__scatter.o)
    0x0800016c   0x0800016c   0x0000005a   Code   RO        24695    !!dczerorl2         c_w.l(__dczerorl2.o)
    0x080001c6   0x080001c6   0x00000002   PAD
    0x080001c8   0x080001c8   0x0000001c   Code   RO        24699    !!handler_zi        c_w.l(__scatter_zi.o)
    0x080001e4   0x080001e4   0x00000000   Code   RO        24291    .ARM.Collect$$_printf_percent$$00000000  c_w.l(_printf_percent.o)
    0x080001e4   0x080001e4   0x00000006   Code   RO        24422    .ARM.Collect$$_printf_percent$$00000001  c_w.l(_printf_n.o)
    0x080001ea   0x080001ea   0x00000006   Code   RO        24423    .ARM.Collect$$_printf_percent$$00000002  c_w.l(_printf_p.o)
    0x080001f0   0x080001f0   0x00000006   Code   RO        24426    .ARM.Collect$$_printf_percent$$00000003  c_w.l(_printf_f.o)
    0x080001f6   0x080001f6   0x00000006   Code   RO        24427    .ARM.Collect$$_printf_percent$$00000004  c_w.l(_printf_e.o)
    0x080001fc   0x080001fc   0x00000006   Code   RO        24428    .ARM.Collect$$_printf_percent$$00000005  c_w.l(_printf_g.o)
    0x08000202   0x08000202   0x00000006   Code   RO        24429    .ARM.Collect$$_printf_percent$$00000006  c_w.l(_printf_a.o)
    0x08000208   0x08000208   0x0000000a   Code   RO        24434    .ARM.Collect$$_printf_percent$$00000007  c_w.l(_printf_ll.o)
    0x08000212   0x08000212   0x00000006   Code   RO        24425    .ARM.Collect$$_printf_percent$$00000008  c_w.l(_printf_i.o)
    0x08000218   0x08000218   0x00000006   Code   RO        24289    .ARM.Collect$$_printf_percent$$00000009  c_w.l(_printf_d.o)
    0x0800021e   0x0800021e   0x00000006   Code   RO        24290    .ARM.Collect$$_printf_percent$$0000000A  c_w.l(_printf_u.o)
    0x08000224   0x08000224   0x00000006   Code   RO        24424    .ARM.Collect$$_printf_percent$$0000000B  c_w.l(_printf_o.o)
    0x0800022a   0x0800022a   0x00000006   Code   RO        24288    .ARM.Collect$$_printf_percent$$0000000C  c_w.l(_printf_x.o)
    0x08000230   0x08000230   0x00000006   Code   RO        24431    .ARM.Collect$$_printf_percent$$0000000D  c_w.l(_printf_lli.o)
    0x08000236   0x08000236   0x00000006   Code   RO        24432    .ARM.Collect$$_printf_percent$$0000000E  c_w.l(_printf_lld.o)
    0x0800023c   0x0800023c   0x00000006   Code   RO        24433    .ARM.Collect$$_printf_percent$$0000000F  c_w.l(_printf_llu.o)
    0x08000242   0x08000242   0x00000006   Code   RO        24438    .ARM.Collect$$_printf_percent$$00000010  c_w.l(_printf_llo.o)
    0x08000248   0x08000248   0x00000006   Code   RO        24439    .ARM.Collect$$_printf_percent$$00000011  c_w.l(_printf_llx.o)
    0x0800024e   0x0800024e   0x0000000a   Code   RO        24435    .ARM.Collect$$_printf_percent$$00000012  c_w.l(_printf_l.o)
    0x08000258   0x08000258   0x00000006   Code   RO        24286    .ARM.Collect$$_printf_percent$$00000013  c_w.l(_printf_c.o)
    0x0800025e   0x0800025e   0x00000006   Code   RO        24287    .ARM.Collect$$_printf_percent$$00000014  c_w.l(_printf_s.o)
    0x08000264   0x08000264   0x00000006   Code   RO        24436    .ARM.Collect$$_printf_percent$$00000015  c_w.l(_printf_lc.o)
    0x0800026a   0x0800026a   0x00000006   Code   RO        24437    .ARM.Collect$$_printf_percent$$00000016  c_w.l(_printf_ls.o)
    0x08000270   0x08000270   0x00000004   Code   RO        24430    .ARM.Collect$$_printf_percent$$00000017  c_w.l(_printf_percent_end.o)
    0x08000274   0x08000274   0x00000002   Code   RO        24572    .ARM.Collect$$libinit$$00000000  c_w.l(libinit.o)
    0x08000276   0x08000276   0x00000000   Code   RO        24589    .ARM.Collect$$libinit$$00000002  c_w.l(libinit2.o)
    0x08000276   0x08000276   0x00000000   Code   RO        24591    .ARM.Collect$$libinit$$00000004  c_w.l(libinit2.o)
    0x08000276   0x08000276   0x00000000   Code   RO        24594    .ARM.Collect$$libinit$$0000000A  c_w.l(libinit2.o)
    0x08000276   0x08000276   0x00000000   Code   RO        24596    .ARM.Collect$$libinit$$0000000C  c_w.l(libinit2.o)
    0x08000276   0x08000276   0x00000000   Code   RO        24598    .ARM.Collect$$libinit$$0000000E  c_w.l(libinit2.o)
    0x08000276   0x08000276   0x00000006   Code   RO        24599    .ARM.Collect$$libinit$$0000000F  c_w.l(libinit2.o)
    0x0800027c   0x0800027c   0x00000000   Code   RO        24601    .ARM.Collect$$libinit$$00000011  c_w.l(libinit2.o)
    0x0800027c   0x0800027c   0x0000000c   Code   RO        24602    .ARM.Collect$$libinit$$00000012  c_w.l(libinit2.o)
    0x08000288   0x08000288   0x00000000   Code   RO        24603    .ARM.Collect$$libinit$$00000013  c_w.l(libinit2.o)
    0x08000288   0x08000288   0x00000000   Code   RO        24605    .ARM.Collect$$libinit$$00000015  c_w.l(libinit2.o)
    0x08000288   0x08000288   0x0000000a   Code   RO        24606    .ARM.Collect$$libinit$$00000016  c_w.l(libinit2.o)
    0x08000292   0x08000292   0x00000000   Code   RO        24607    .ARM.Collect$$libinit$$00000017  c_w.l(libinit2.o)
    0x08000292   0x08000292   0x00000000   Code   RO        24609    .ARM.Collect$$libinit$$00000019  c_w.l(libinit2.o)
    0x08000292   0x08000292   0x00000000   Code   RO        24611    .ARM.Collect$$libinit$$0000001B  c_w.l(libinit2.o)
    0x08000292   0x08000292   0x00000000   Code   RO        24613    .ARM.Collect$$libinit$$0000001D  c_w.l(libinit2.o)
    0x08000292   0x08000292   0x00000000   Code   RO        24615    .ARM.Collect$$libinit$$0000001F  c_w.l(libinit2.o)
    0x08000292   0x08000292   0x00000000   Code   RO        24617    .ARM.Collect$$libinit$$00000021  c_w.l(libinit2.o)
    0x08000292   0x08000292   0x00000000   Code   RO        24619    .ARM.Collect$$libinit$$00000023  c_w.l(libinit2.o)
    0x08000292   0x08000292   0x00000000   Code   RO        24621    .ARM.Collect$$libinit$$00000025  c_w.l(libinit2.o)
    0x08000292   0x08000292   0x00000000   Code   RO        24625    .ARM.Collect$$libinit$$0000002C  c_w.l(libinit2.o)
    0x08000292   0x08000292   0x00000000   Code   RO        24627    .ARM.Collect$$libinit$$0000002E  c_w.l(libinit2.o)
    0x08000292   0x08000292   0x00000000   Code   RO        24629    .ARM.Collect$$libinit$$00000030  c_w.l(libinit2.o)
    0x08000292   0x08000292   0x00000000   Code   RO        24631    .ARM.Collect$$libinit$$00000032  c_w.l(libinit2.o)
    0x08000292   0x08000292   0x00000002   Code   RO        24632    .ARM.Collect$$libinit$$00000033  c_w.l(libinit2.o)
    0x08000294   0x08000294   0x00000002   Code   RO        24666    .ARM.Collect$$libshutdown$$00000000  c_w.l(libshutdown.o)
    0x08000296   0x08000296   0x00000000   Code   RO        24676    .ARM.Collect$$libshutdown$$00000002  c_w.l(libshutdown2.o)
    0x08000296   0x08000296   0x00000000   Code   RO        24678    .ARM.Collect$$libshutdown$$00000004  c_w.l(libshutdown2.o)
    0x08000296   0x08000296   0x00000000   Code   RO        24680    .ARM.Collect$$libshutdown$$00000006  c_w.l(libshutdown2.o)
    0x08000296   0x08000296   0x00000000   Code   RO        24683    .ARM.Collect$$libshutdown$$00000009  c_w.l(libshutdown2.o)
    0x08000296   0x08000296   0x00000000   Code   RO        24686    .ARM.Collect$$libshutdown$$0000000C  c_w.l(libshutdown2.o)
    0x08000296   0x08000296   0x00000000   Code   RO        24688    .ARM.Collect$$libshutdown$$0000000E  c_w.l(libshutdown2.o)
    0x08000296   0x08000296   0x00000000   Code   RO        24691    .ARM.Collect$$libshutdown$$00000011  c_w.l(libshutdown2.o)
    0x08000296   0x08000296   0x00000002   Code   RO        24692    .ARM.Collect$$libshutdown$$00000012  c_w.l(libshutdown2.o)
    0x08000298   0x08000298   0x00000000   Code   RO        24390    .ARM.Collect$$rtentry$$00000000  c_w.l(__rtentry.o)
    0x08000298   0x08000298   0x00000000   Code   RO        24470    .ARM.Collect$$rtentry$$00000002  c_w.l(__rtentry2.o)
    0x08000298   0x08000298   0x00000006   Code   RO        24482    .ARM.Collect$$rtentry$$00000004  c_w.l(__rtentry4.o)
    0x0800029e   0x0800029e   0x00000000   Code   RO        24472    .ARM.Collect$$rtentry$$00000009  c_w.l(__rtentry2.o)
    0x0800029e   0x0800029e   0x00000004   Code   RO        24473    .ARM.Collect$$rtentry$$0000000A  c_w.l(__rtentry2.o)
    0x080002a2   0x080002a2   0x00000000   Code   RO        24475    .ARM.Collect$$rtentry$$0000000C  c_w.l(__rtentry2.o)
    0x080002a2   0x080002a2   0x00000008   Code   RO        24476    .ARM.Collect$$rtentry$$0000000D  c_w.l(__rtentry2.o)
    0x080002aa   0x080002aa   0x00000002   Code   RO        24577    .ARM.Collect$$rtexit$$00000000  c_w.l(rtexit.o)
    0x080002ac   0x080002ac   0x00000000   Code   RO        24634    .ARM.Collect$$rtexit$$00000002  c_w.l(rtexit2.o)
    0x080002ac   0x080002ac   0x00000004   Code   RO        24635    .ARM.Collect$$rtexit$$00000003  c_w.l(rtexit2.o)
    0x080002b0   0x080002b0   0x00000006   Code   RO        24636    .ARM.Collect$$rtexit$$00000004  c_w.l(rtexit2.o)
    0x080002b6   0x080002b6   0x00000002   PAD
    0x080002b8   0x080002b8   0x00000096   Code   RO        24169    .emb_text           port.o
    0x0800034e   0x0800034e   0x00000002   PAD
    0x08000350   0x08000350   0x00000040   Code   RO           20    .text               startup_stm32f10x_hd.o
    0x08000390   0x08000390   0x000000bc   Code   RO           24    .text               delay.o
    0x0800044c   0x0800044c   0x00000140   Code   RO          184    .text               usart.o
    0x0800058c   0x0800058c   0x000000dc   Code   RO          207    .text               misc.o
    0x08000668   0x08000668   0x0000060c   Code   RO          339    .text               stm32f10x_fsmc.o
    0x08000c74   0x08000c74   0x0000035c   Code   RO          351    .text               stm32f10x_gpio.o
    0x08000fd0   0x08000fd0   0x000003a4   Code   RO          399    .text               stm32f10x_rcc.o
    0x08001374   0x08001374   0x00000e1a   Code   RO          449    .text               stm32f10x_tim.o
    0x0800218e   0x0800218e   0x00000002   PAD
    0x08002190   0x08002190   0x00000408   Code   RO          461    .text               stm32f10x_usart.o
    0x08002598   0x08002598   0x0000004c   Code   RO          485    .text               led.o
    0x080025e4   0x080025e4   0x000000fc   Code   RO          500    .text               key.o
    0x080026e0   0x080026e0   0x0000344c   Code   RO          519    .text               lcd.o
    0x08005b2c   0x08005b2c   0x0000026c   Code   RO          549    .text               myiic.o
    0x08005d98   0x08005d98   0x0000017a   Code   RO          564    .text               24cxx.o
    0x08005f12   0x08005f12   0x00000002   PAD
    0x08005f14   0x08005f14   0x00000fb4   Code   RO          623    .text               touch.o
    0x08006ec8   0x08006ec8   0x00000284   Code   RO          663    .text               ctiic.o
    0x0800714c   0x0800714c   0x0000036c   Code   RO          678    .text               ott2001a.o
    0x080074b8   0x080074b8   0x00000580   Code   RO          698    .text               ft5206.o
    0x08007a38   0x08007a38   0x00000458   Code   RO          720    .text               gt9147.o
    0x08007e90   0x08007e90   0x00000074   Code   RO          736    .text               timer.o
    0x08007f04   0x08007f04   0x00000118   Code   RO         1149    .text               sram.o
    0x0800801c   0x0800801c   0x000000d8   Code   RO         1164    .text               lv_port_disp_template.o
    0x080080f4   0x080080f4   0x00000174   Code   RO         1572    .text               lv_port_indev_template.o
    0x08008268   0x08008268   0x00000884   Code   RO         1607    .text               lv_disp.o
    0x08008aec   0x08008aec   0x00000990   Code   RO         1772    .text               lv_event.o
    0x0800947c   0x0800947c   0x00000762   Code   RO         1915    .text               lv_group.o
    0x08009bde   0x08009bde   0x00000002   PAD
    0x08009be0   0x08009be0   0x000013e0   Code   RO         2071    .text               lv_indev.o
    0x0800afc0   0x0800afc0   0x00000d4e   Code   RO         2131    .text               lv_indev_scroll.o
    0x0800bd0e   0x0800bd0e   0x00000002   PAD
    0x0800bd10   0x0800bd10   0x000012b0   Code   RO         2219    .text               lv_obj.o
    0x0800cfc0   0x0800cfc0   0x000002b8   Code   RO         2327    .text               lv_obj_class.o
    0x0800d278   0x0800d278   0x000009ae   Code   RO         2340    .text               lv_obj_draw.o
    0x0800dc26   0x0800dc26   0x00000002   PAD
    0x0800dc28   0x0800dc28   0x00001b98   Code   RO         2486    .text               lv_obj_pos.o
    0x0800f7c0   0x0800f7c0   0x00001598   Code   RO         2587    .text               lv_obj_scroll.o
    0x08010d58   0x08010d58   0x0000133c   Code   RO         2690    .text               lv_obj_style.o
    0x08012094   0x08012094   0x00000992   Code   RO         2793    .text               lv_obj_style_gen.o
    0x08012a26   0x08012a26   0x00000002   PAD
    0x08012a28   0x08012a28   0x00000758   Code   RO         2838    .text               lv_obj_tree.o
    0x08013180   0x08013180   0x0000129c   Code   RO         2921    .text               lv_refr.o
    0x0801441c   0x0801441c   0x00000100   Code   RO         3034    .text               lv_theme.o
    0x0801451c   0x0801451c   0x0000006c   Code   RO         3429    .text               lv_draw_sw.o
    0x08014588   0x08014588   0x00000d9a   Code   RO         3563    .text               lv_draw_sw_arc.o
    0x08015322   0x08015322   0x00000002   PAD
    0x08015324   0x08015324   0x00000fb2   Code   RO         3667    .text               lv_draw_sw_blend.o
    0x080162d6   0x080162d6   0x00000002   PAD
    0x080162d8   0x080162d8   0x00000654   Code   RO         3805    .text               lv_draw_sw_gradient.o
    0x0801692c   0x0801692c   0x000005b4   Code   RO         3861    .text               lv_draw_sw_img.o
    0x08016ee0   0x08016ee0   0x000005bc   Code   RO         3951    .text               lv_draw_sw_letter.o
    0x0801749c   0x0801749c   0x000009f8   Code   RO         4051    .text               lv_draw_sw_line.o
    0x08017e94   0x08017e94   0x00000390   Code   RO         4146    .text               lv_draw_sw_polygon.o
    0x08018224   0x08018224   0x000020ac   Code   RO         4214    .text               lv_draw_sw_rect.o
    0x0801a2d0   0x0801a2d0   0x00000002   Code   RO         4312    .text               lv_draw.o
    0x0801a2d2   0x0801a2d2   0x000004d2   Code   RO         4446    .text               lv_draw_arc.o
    0x0801a7a4   0x0801a7a4   0x0000057c   Code   RO         4497    .text               lv_draw_img.o
    0x0801ad20   0x0801ad20   0x000008e8   Code   RO         4613    .text               lv_draw_label.o
    0x0801b608   0x0801b608   0x00000086   Code   RO         4712    .text               lv_draw_line.o
    0x0801b68e   0x0801b68e   0x00000002   PAD
    0x0801b690   0x0801b690   0x00001f6c   Code   RO         4867    .text               lv_draw_mask.o
    0x0801d5fc   0x0801d5fc   0x00000110   Code   RO         4936    .text               lv_draw_rect.o
    0x0801d70c   0x0801d70c   0x000011da   Code   RO         5006    .text               lv_img_buf.o
    0x0801e8e6   0x0801e8e6   0x00000002   PAD
    0x0801e8e8   0x0801e8e8   0x000000f4   Code   RO         5050    .text               lv_img_cache.o
    0x0801e9dc   0x0801e9dc   0x00000ea0   Code   RO         5095    .text               lv_img_decoder.o
    0x0801f87c   0x0801f87c   0x00000fa8   Code   RO         5159    .text               lv_flex.o
    0x08020824   0x08020824   0x00000f58   Code   RO         5328    .text               lv_grid.o
    0x0802177c   0x0802177c   0x00003254   Code   RO        10407    .text               lv_theme_default.o
    0x080249d0   0x080249d0   0x00000678   Code   RO        11609    .text               lv_calendar.o
    0x08025048   0x08025048   0x00000224   Code   RO        12008    .text               lv_calendar_header_arrow.o
    0x0802526c   0x0802526c   0x0000019c   Code   RO        12191    .text               lv_calendar_header_dropdown.o
    0x08025408   0x08025408   0x00002eba   Code   RO        12307    .text               lv_chart.o
    0x080282c2   0x080282c2   0x00000002   PAD
    0x080282c4   0x080282c4   0x00000e50   Code   RO        12704    .text               lv_colorwheel.o
    0x08029114   0x08029114   0x00000430   Code   RO        13499    .text               lv_keyboard.o
    0x08029544   0x08029544   0x000003fc   Code   RO        13674    .text               lv_led.o
    0x08029940   0x08029940   0x0000011c   Code   RO        14071    .text               lv_list.o
    0x08029a5c   0x08029a5c   0x00000980   Code   RO        14254    .text               lv_menu.o
    0x0802a3dc   0x0802a3dc   0x000011c4   Code   RO        14431    .text               lv_meter.o
    0x0802b5a0   0x0802b5a0   0x000006b0   Code   RO        15625    .text               lv_spinbox.o
    0x0802bc50   0x0802bc50   0x000000f8   Code   RO        16022    .text               lv_spinner.o
    0x0802bd48   0x0802bd48   0x0000056c   Code   RO        16420    .text               lv_tabview.o
    0x0802c2b4   0x0802c2b4   0x000002dc   Code   RO        16818    .text               lv_tileview.o
    0x0802c590   0x0802c590   0x00000140   Code   RO        16981    .text               lv_win.o
    0x0802c6d0   0x0802c6d0   0x0000000c   Code   RO        17379    .text               lv_extra.o
    0x0802c6dc   0x0802c6dc   0x000001a4   Code   RO        17774    .text               lv_font.o
    0x0802c880   0x0802c880   0x00000424   Code   RO        18207    .text               lv_font_fmt_txt.o
    0x0802cca4   0x0802cca4   0x00000c44   Code   RO        20084    .text               lv_hal_disp.o
    0x0802d8e8   0x0802d8e8   0x000003a8   Code   RO        20267    .text               lv_hal_indev.o
    0x0802dc90   0x0802dc90   0x00000022   Code   RO        20428    .text               lv_hal_tick.o
    0x0802dcb2   0x0802dcb2   0x00000002   PAD
    0x0802dcb4   0x0802dcb4   0x000006cc   Code   RO        20449    .text               lv_anim.o
    0x0802e380   0x0802e380   0x000008dc   Code   RO        20544    .text               lv_area.o
    0x0802ec5c   0x0802ec5c   0x00000058   Code   RO        20559    .text               lv_async.o
    0x0802ecb4   0x0802ecb4   0x000005b4   Code   RO        20603    .text               lv_color.o
    0x0802f268   0x0802f268   0x00000848   Code   RO        20619    .text               lv_fs.o
    0x0802fab0   0x0802fab0   0x00000342   Code   RO        20685    .text               lv_ll.o
    0x0802fdf2   0x0802fdf2   0x00000002   PAD
    0x0802fdf4   0x0802fdf4   0x000000ec   Code   RO        20697    .text               lv_log.o
    0x0802fee0   0x0802fee0   0x00000244   Code   RO        20732    .text               lv_math.o
    0x08030124   0x08030124   0x0000081e   Code   RO        20747    .text               lv_mem.o
    0x08030942   0x08030942   0x00000002   PAD
    0x08030944   0x08030944   0x00000968   Code   RO        20770    .text               lv_printf.o
    0x080312ac   0x080312ac   0x000005c4   Code   RO        20782    .text               lv_style.o
    0x08031870   0x08031870   0x000007fe   Code   RO        20818    .text               lv_style_gen.o
    0x0803206e   0x0803206e   0x00000002   PAD
    0x08032070   0x08032070   0x00000384   Code   RO        20841    .text               lv_timer.o
    0x080323f4   0x080323f4   0x000009b8   Code   RO        20862    .text               lv_txt.o
    0x08032dac   0x08032dac   0x00000054   Code   RO        20963    .text               lv_utils.o
    0x08032e00   0x08032e00   0x0000100e   Code   RO        20978    .text               lv_arc.o
    0x08033e0e   0x08033e0e   0x00000002   PAD
    0x08033e10   0x08033e10   0x00000af4   Code   RO        21142    .text               lv_bar.o
    0x08034904   0x08034904   0x00000044   Code   RO        21247    .text               lv_btn.o
    0x08034948   0x08034948   0x000015b0   Code   RO        21271    .text               lv_btnmatrix.o
    0x08035ef8   0x08035ef8   0x00000572   Code   RO        21458    .text               lv_checkbox.o
    0x0803646a   0x0803646a   0x00000002   PAD
    0x0803646c   0x0803646c   0x000014ec   Code   RO        21552    .text               lv_dropdown.o
    0x08037958   0x08037958   0x00001134   Code   RO        21650    .text               lv_img.o
    0x08038a8c   0x08038a8c   0x00001830   Code   RO        21744    .text               lv_label.o
    0x0803a2bc   0x0803a2bc   0x0000028c   Code   RO        21844    .text               lv_line.o
    0x0803a548   0x0803a548   0x00000e70   Code   RO        21869    .text               lv_roller.o
    0x0803b3b8   0x0803b3b8   0x00000bf4   Code   RO        21951    .text               lv_slider.o
    0x0803bfac   0x0803bfac   0x0000047c   Code   RO        22067    .text               lv_switch.o
    0x0803c428   0x0803c428   0x0000167c   Code   RO        22171    .text               lv_table.o
    0x0803daa4   0x0803daa4   0x00001938   Code   RO        22255    .text               lv_textarea.o
    0x0803f3dc   0x0803f3dc   0x000016fa   Code   RO        23339    .text               lv_mainstart.o
    0x08040ad6   0x08040ad6   0x00000002   PAD
    0x08040ad8   0x08040ad8   0x00000f24   Code   RO        23599    .text               lv_cb.o
    0x080419fc   0x080419fc   0x00000034   Code   RO        23625    .text               main.o
    0x08041a30   0x08041a30   0x00000014   Code   RO        23640    .text               stm32f10x_it.o
    0x08041a44   0x08041a44   0x000001e0   Code   RO        23681    .text               system_stm32f10x.o
    0x08041c24   0x08041c24   0x000000d4   Code   RO        23699    .text               lvgl_demo.o
    0x08041cf8   0x08041cf8   0x00000094   Code   RO        24044    .text               list.o
    0x08041d8c   0x08041d8c   0x000010d4   Code   RO        24059    .text               queue.o
    0x08042e60   0x08042e60   0x000022b8   Code   RO        24102    .text               tasks.o
    0x08045118   0x08045118   0x000006cc   Code   RO        24133    .text               timers.o
    0x080457e4   0x080457e4   0x00000350   Code   RO        24154    .text               heap_4.o
    0x08045b34   0x08045b34   0x000002e8   Code   RO        24170    .text               port.o
    0x08045e1c   0x08045e1c   0x00000258   Code   RO        24199    .text               malloc.o
    0x08046074   0x08046074   0x00000002   Code   RO        24223    .text               c_w.l(use_no_semi_2.o)
    0x08046076   0x08046076   0x000000ee   Code   RO        24225    .text               c_w.l(lludivv7m.o)
    0x08046164   0x08046164   0x0000000c   Code   RO        24227    .text               c_w.l(vprintf.o)
    0x08046170   0x08046170   0x00000018   Code   RO        24229    .text               c_w.l(__2printf.o)
    0x08046188   0x08046188   0x0000002c   Code   RO        24231    .text               c_w.l(__2sprintf.o)
    0x080461b4   0x080461b4   0x0000004e   Code   RO        24239    .text               c_w.l(_printf_pad.o)
    0x08046202   0x08046202   0x00000052   Code   RO        24241    .text               c_w.l(_printf_str.o)
    0x08046254   0x08046254   0x00000078   Code   RO        24243    .text               c_w.l(_printf_dec.o)
    0x080462cc   0x080462cc   0x00000094   Code   RO        24263    .text               c_w.l(_printf_hex_int_ll_ptr.o)
    0x08046360   0x08046360   0x00000188   Code   RO        24283    .text               c_w.l(__printf_flags_ss_wp.o)
    0x080464e8   0x080464e8   0x0000002c   Code   RO        24292    .text               c_w.l(puts.o)
    0x08046514   0x08046514   0x00000048   Code   RO        24300    .text               c_w.l(strcpy.o)
    0x0804655c   0x0804655c   0x0000003e   Code   RO        24302    .text               c_w.l(strlen.o)
    0x0804659a   0x0804659a   0x00000018   Code   RO        24304    .text               c_w.l(strcat.o)
    0x080465b2   0x080465b2   0x0000008a   Code   RO        24306    .text               c_w.l(rt_memcpy_v6.o)
    0x0804663c   0x0804663c   0x00000064   Code   RO        24310    .text               c_w.l(rt_memcpy_w.o)
    0x080466a0   0x080466a0   0x00000010   Code   RO        24314    .text               c_w.l(aeabi_memset.o)
    0x080466b0   0x080466b0   0x00000044   Code   RO        24316    .text               c_w.l(rt_memclr.o)
    0x080466f4   0x080466f4   0x0000004e   Code   RO        24318    .text               c_w.l(rt_memclr_w.o)
    0x08046742   0x08046742   0x00000002   PAD
    0x08046744   0x08046744   0x00000080   Code   RO        24320    .text               c_w.l(strcmpv7m.o)
    0x080467c4   0x080467c4   0x00000006   Code   RO        24322    .text               c_w.l(heapauxi.o)
    0x080467ca   0x080467ca   0x00000002   Code   RO        24388    .text               c_w.l(use_no_semi.o)
    0x080467cc   0x080467cc   0x00000016   Code   RO        24395    .text               c_w.l(_rserrno.o)
    0x080467e2   0x080467e2   0x00000024   Code   RO        24397    .text               c_w.l(_printf_truncate.o)
    0x08046806   0x08046806   0x000000b2   Code   RO        24399    .text               c_w.l(_printf_intcommon.o)
    0x080468b8   0x080468b8   0x00000028   Code   RO        24401    .text               c_w.l(_printf_charcount.o)
    0x080468e0   0x080468e0   0x00000030   Code   RO        24403    .text               c_w.l(_printf_char_common.o)
    0x08046910   0x08046910   0x0000000a   Code   RO        24405    .text               c_w.l(_sputc.o)
    0x0804691a   0x0804691a   0x0000002c   Code   RO        24407    .text               c_w.l(_printf_char.o)
    0x08046946   0x08046946   0x00000002   PAD
    0x08046948   0x08046948   0x00000024   Code   RO        24409    .text               c_w.l(_printf_char_file.o)
    0x0804696c   0x0804696c   0x000000bc   Code   RO        24411    .text               c_w.l(_printf_wctomb.o)
    0x08046a28   0x08046a28   0x0000007c   Code   RO        24414    .text               c_w.l(_printf_longlong_dec.o)
    0x08046aa4   0x08046aa4   0x00000070   Code   RO        24420    .text               c_w.l(_printf_oct_int_ll.o)
    0x08046b14   0x08046b14   0x00000008   Code   RO        24489    .text               c_w.l(rt_errno_addr_intlibspace.o)
    0x08046b1c   0x08046b1c   0x0000008a   Code   RO        24491    .text               c_w.l(lludiv10.o)
    0x08046ba6   0x08046ba6   0x0000041e   Code   RO        24493    .text               c_w.l(_printf_fp_dec.o)
    0x08046fc4   0x08046fc4   0x000002fc   Code   RO        24495    .text               c_w.l(_printf_fp_hex.o)
    0x080472c0   0x080472c0   0x0000002c   Code   RO        24500    .text               c_w.l(_printf_wchar.o)
    0x080472ec   0x080472ec   0x00000008   Code   RO        24502    .text               c_w.l(ferror.o)
    0x080472f4   0x080472f4   0x00000040   Code   RO        24506    .text               c_w.l(_wcrtomb.o)
    0x08047334   0x08047334   0x00000008   Code   RO        24512    .text               c_w.l(libspace.o)
    0x0804733c   0x0804733c   0x0000004a   Code   RO        24516    .text               c_w.l(sys_stackheap_outer.o)
    0x08047386   0x08047386   0x00000002   PAD
    0x08047388   0x08047388   0x00000010   Code   RO        24518    .text               c_w.l(rt_ctype_table.o)
    0x08047398   0x08047398   0x00000008   Code   RO        24525    .text               c_w.l(rt_locale_intlibspace.o)
    0x080473a0   0x080473a0   0x00000080   Code   RO        24527    .text               c_w.l(_printf_fp_infnan.o)
    0x08047420   0x08047420   0x000000e4   Code   RO        24529    .text               c_w.l(bigflt0.o)
    0x08047504   0x08047504   0x00000012   Code   RO        24557    .text               c_w.l(exit.o)
    0x08047516   0x08047516   0x0000003e   Code   RO        24532    CL$$btod_d2e        c_w.l(btod.o)
    0x08047554   0x08047554   0x00000046   Code   RO        24534    CL$$btod_d2e_denorm_low  c_w.l(btod.o)
    0x0804759a   0x0804759a   0x00000060   Code   RO        24533    CL$$btod_d2e_norm_op1  c_w.l(btod.o)
    0x080475fa   0x080475fa   0x00000338   Code   RO        24542    CL$$btod_div_common  c_w.l(btod.o)
    0x08047932   0x08047932   0x000000dc   Code   RO        24539    CL$$btod_e2e        c_w.l(btod.o)
    0x08047a0e   0x08047a0e   0x0000002a   Code   RO        24536    CL$$btod_ediv       c_w.l(btod.o)
    0x08047a38   0x08047a38   0x0000002a   Code   RO        24535    CL$$btod_emul       c_w.l(btod.o)
    0x08047a62   0x08047a62   0x00000244   Code   RO        24541    CL$$btod_mult_common  c_w.l(btod.o)
    0x08047ca6   0x08047ca6   0x00000028   Code   RO        24575    i.__ARM_fpclassify  m_ws.l(fpclassify.o)
    0x08047cce   0x08047cce   0x0000000e   Code   RO        24276    i._is_digit         c_w.l(__printf_wp.o)
    0x08047cdc   0x08047cdc   0x0000004c   Code   RO        24381    i.sqrt              m_ws.l(sqrt.o)
    0x08047d28   0x08047d28   0x0000002c   Code   RO        24555    locale$$code        c_w.l(lc_numeric_c.o)
    0x08047d54   0x08047d54   0x0000002c   Code   RO        24580    locale$$code        c_w.l(lc_ctype_c.o)
    0x08047d80   0x08047d80   0x00000150   Code   RO        24326    x$fpl$dadd          fz_ws.l(daddsub_clz.o)
    0x08047ed0   0x08047ed0   0x00000018   Code   RO        24446    x$fpl$dcmpinf       fz_ws.l(dcmpi.o)
    0x08047ee8   0x08047ee8   0x0000005e   Code   RO        24332    x$fpl$dfix          fz_ws.l(dfix.o)
    0x08047f46   0x08047f46   0x00000002   PAD
    0x08047f48   0x08047f48   0x0000005a   Code   RO        24336    x$fpl$dfixu         fz_ws.l(dfixu.o)
    0x08047fa2   0x08047fa2   0x0000002e   Code   RO        24341    x$fpl$dflt          fz_ws.l(dflt_clz.o)
    0x08047fd0   0x08047fd0   0x00000026   Code   RO        24340    x$fpl$dfltu         fz_ws.l(dflt_clz.o)
    0x08047ff6   0x08047ff6   0x00000002   PAD
    0x08047ff8   0x08047ff8   0x00000078   Code   RO        24346    x$fpl$dleqf         fz_ws.l(dleqf.o)
    0x08048070   0x08048070   0x00000154   Code   RO        24348    x$fpl$dmul          fz_ws.l(dmul.o)
    0x080481c4   0x080481c4   0x0000009c   Code   RO        24448    x$fpl$dnaninf       fz_ws.l(dnaninf.o)
    0x08048260   0x08048260   0x0000000c   Code   RO        24450    x$fpl$dretinf       fz_ws.l(dretinf.o)
    0x0804826c   0x0804826c   0x0000006c   Code   RO        24350    x$fpl$drleqf        fz_ws.l(drleqf.o)
    0x080482d8   0x080482d8   0x00000016   Code   RO        24327    x$fpl$drsb          fz_ws.l(daddsub_clz.o)
    0x080482ee   0x080482ee   0x00000002   PAD
    0x080482f0   0x080482f0   0x000001cc   Code   RO        24452    x$fpl$dsqrt         fz_ws.l(dsqrt_noumaal.o)
    0x080484bc   0x080484bc   0x000001d4   Code   RO        24328    x$fpl$dsub          fz_ws.l(daddsub_clz.o)
    0x08048690   0x08048690   0x00000056   Code   RO        24352    x$fpl$f2d           fz_ws.l(f2d.o)
    0x080486e6   0x080486e6   0x00000002   PAD
    0x080486e8   0x080486e8   0x000000c4   Code   RO        24354    x$fpl$fadd          fz_ws.l(faddsub_clz.o)
    0x080487ac   0x080487ac   0x00000184   Code   RO        24361    x$fpl$fdiv          fz_ws.l(fdiv.o)
    0x08048930   0x08048930   0x00000036   Code   RO        24364    x$fpl$ffix          fz_ws.l(ffix.o)
    0x08048966   0x08048966   0x00000002   PAD
    0x08048968   0x08048968   0x0000003e   Code   RO        24368    x$fpl$ffixu         fz_ws.l(ffixu.o)
    0x080489a6   0x080489a6   0x00000002   PAD
    0x080489a8   0x080489a8   0x00000030   Code   RO        24373    x$fpl$fflt          fz_ws.l(fflt_clz.o)
    0x080489d8   0x080489d8   0x00000026   Code   RO        24372    x$fpl$ffltu         fz_ws.l(fflt_clz.o)
    0x080489fe   0x080489fe   0x00000002   PAD
    0x08048a00   0x08048a00   0x00000102   Code   RO        24378    x$fpl$fmul          fz_ws.l(fmul.o)
    0x08048b02   0x08048b02   0x0000008c   Code   RO        24454    x$fpl$fnaninf       fz_ws.l(fnaninf.o)
    0x08048b8e   0x08048b8e   0x0000000a   Code   RO        24456    x$fpl$fretinf       fz_ws.l(fretinf.o)
    0x08048b98   0x08048b98   0x000000ea   Code   RO        24356    x$fpl$fsub          fz_ws.l(faddsub_clz.o)
    0x08048c82   0x08048c82   0x00000004   Code   RO        24458    x$fpl$printf1       fz_ws.l(printf1.o)
    0x08048c86   0x08048c86   0x00000004   Code   RO        24460    x$fpl$printf2       fz_ws.l(printf2.o)
    0x08048c8a   0x08048c8a   0x00000000   Code   RO        24466    x$fpl$usenofp       fz_ws.l(usenofp.o)
    0x08048c8a   0x08048c8a   0x000017c0   Data   RO          521    .constdata          lcd.o
    0x0804a44a   0x0804a44a   0x00000002   PAD
    0x0804a44c   0x0804a44c   0x00000004   Data   RO          624    .constdata          touch.o
    0x0804a450   0x0804a450   0x0000000a   Data   RO          679    .constdata          ott2001a.o
    0x0804a45a   0x0804a45a   0x00000014   Data   RO          699    .constdata          ft5206.o
    0x0804a46e   0x0804a46e   0x000000c2   Data   RO          721    .constdata          gt9147.o
    0x0804a530   0x0804a530   0x000000d5   Data   RO         1608    .constdata          lv_disp.o
    0x0804a605   0x0804a605   0x0000016e   Data   RO         1773    .constdata          lv_event.o
    0x0804a773   0x0804a773   0x00000021   Data   RO         1916    .constdata          lv_group.o
    0x0804a794   0x0804a794   0x0000003d   Data   RO         2072    .constdata          lv_indev.o
    0x0804a7d1   0x0804a7d1   0x00000003   PAD
    0x0804a7d4   0x0804a7d4   0x0000003e   Data   RO         2220    .constdata          lv_obj.o
    0x0804a812   0x0804a812   0x00000018   Data   RO         2328    .constdata          lv_obj_class.o
    0x0804a82a   0x0804a82a   0x00000002   PAD
    0x0804a82c   0x0804a82c   0x0000001c   Data   RO         2487    .constdata          lv_obj_pos.o
    0x0804a848   0x0804a848   0x00000030   Data   RO         2691    .constdata          lv_obj_style.o
    0x0804a878   0x0804a878   0x0000002d   Data   RO         2839    .constdata          lv_obj_tree.o
    0x0804a8a5   0x0804a8a5   0x00000054   Data   RO         2923    .constdata          lv_refr.o
    0x0804a8f9   0x0804a8f9   0x00000019   Data   RO         3668    .constdata          lv_draw_sw_blend.o
    0x0804a912   0x0804a912   0x00000039   Data   RO         3806    .constdata          lv_draw_sw_gradient.o
    0x0804a94b   0x0804a94b   0x00000143   Data   RO         3953    .constdata          lv_draw_sw_letter.o
    0x0804aa8e   0x0804aa8e   0x00000021   Data   RO         4052    .constdata          lv_draw_sw_line.o
    0x0804aaaf   0x0804aaaf   0x00000001   PAD
    0x0804aab0   0x0804aab0   0x00000008   Data   RO         4147    .constdata          lv_draw_sw_polygon.o
    0x0804aab8   0x0804aab8   0x0000000c   Data   RO         4215    .constdata          lv_draw_sw_rect.o
    0x0804aac4   0x0804aac4   0x00000030   Data   RO         4498    .constdata          lv_draw_img.o
    0x0804aaf4   0x0804aaf4   0x0000000e   Data   RO         4614    .constdata          lv_draw_label.o
    0x0804ab02   0x0804ab02   0x00000050   Data   RO         4868    .constdata          lv_draw_mask.o
    0x0804ab52   0x0804ab52   0x00000017   Data   RO         5007    .constdata          lv_img_buf.o
    0x0804ab69   0x0804ab69   0x00000029   Data   RO         5051    .constdata          lv_img_cache.o
    0x0804ab92   0x0804ab92   0x000000c3   Data   RO         5096    .constdata          lv_img_decoder.o
    0x0804ac55   0x0804ac55   0x0000000f   Data   RO         5160    .constdata          lv_flex.o
    0x0804ac64   0x0804ac64   0x00000016   Data   RO        10409    .constdata          lv_theme_default.o
    0x0804ac7a   0x0804ac7a   0x00000002   PAD
    0x0804ac7c   0x0804ac7c   0x0000003e   Data   RO        11610    .constdata          lv_calendar.o
    0x0804acba   0x0804acba   0x00000002   PAD
    0x0804acbc   0x0804acbc   0x0000001c   Data   RO        12009    .constdata          lv_calendar_header_arrow.o
    0x0804acd8   0x0804acd8   0x0000001c   Data   RO        12192    .constdata          lv_calendar_header_dropdown.o
    0x0804acf4   0x0804acf4   0x00000236   Data   RO        12308    .constdata          lv_chart.o
    0x0804af2a   0x0804af2a   0x00000002   PAD
    0x0804af2c   0x0804af2c   0x0000001c   Data   RO        12705    .constdata          lv_colorwheel.o
    0x0804af48   0x0804af48   0x00000392   Data   RO        13500    .constdata          lv_keyboard.o
    0x0804b2da   0x0804b2da   0x00000002   PAD
    0x0804b2dc   0x0804b2dc   0x0000001c   Data   RO        13675    .constdata          lv_led.o
    0x0804b2f8   0x0804b2f8   0x00000054   Data   RO        14072    .constdata          lv_list.o
    0x0804b34c   0x0804b34c   0x000000fc   Data   RO        14255    .constdata          lv_menu.o
    0x0804b448   0x0804b448   0x0000008a   Data   RO        14432    .constdata          lv_meter.o
    0x0804b4d2   0x0804b4d2   0x00000002   PAD
    0x0804b4d4   0x0804b4d4   0x00000065   Data   RO        14829    .constdata          lv_msgbox.o
    0x0804b539   0x0804b539   0x00000003   PAD
    0x0804b53c   0x0804b53c   0x0000001c   Data   RO        15626    .constdata          lv_spinbox.o
    0x0804b558   0x0804b558   0x0000001c   Data   RO        16023    .constdata          lv_spinner.o
    0x0804b574   0x0804b574   0x0000001c   Data   RO        16421    .constdata          lv_tabview.o
    0x0804b590   0x0804b590   0x0000004b   Data   RO        16819    .constdata          lv_tileview.o
    0x0804b5db   0x0804b5db   0x00000001   PAD
    0x0804b5dc   0x0804b5dc   0x0000001c   Data   RO        16982    .constdata          lv_win.o
    0x0804b5f8   0x0804b5f8   0x00000047   Data   RO        17775    .constdata          lv_font.o
    0x0804b63f   0x0804b63f   0x0000001b   Data   RO        18208    .constdata          lv_font_fmt_txt.o
    0x0804b65a   0x0804b65a   0x00000002   PAD
    0x0804b65c   0x0804b65c   0x0000248c   Data   RO        18286    .constdata          lv_font_montserrat_10.o
    0x0804dae8   0x0804dae8   0x00003544   Data   RO        18704    .constdata          lv_font_montserrat_14.o
    0x0805102c   0x0805102c   0x00005520   Data   RO        19122    .constdata          lv_font_montserrat_20.o
    0x0805654c   0x0805654c   0x00000040   Data   RO        20085    .constdata          lv_hal_disp.o
    0x0805658c   0x0805658c   0x00000049   Data   RO        20268    .constdata          lv_hal_indev.o
    0x080565d5   0x080565d5   0x0000000e   Data   RO        20450    .constdata          lv_anim.o
    0x080565e3   0x080565e3   0x00000001   PAD
    0x080565e4   0x080565e4   0x000001b2   Data   RO        20604    .constdata          lv_color.o
    0x08056796   0x08056796   0x00000030   Data   RO        20620    .constdata          lv_fs.o
    0x080567c6   0x080567c6   0x000000b6   Data   RO        20733    .constdata          lv_math.o
    0x0805687c   0x0805687c   0x0000004a   Data   RO        20748    .constdata          lv_mem.o
    0x080568c6   0x080568c6   0x00000036   Data   RO        20783    .constdata          lv_style.o
    0x080568fc   0x080568fc   0x00000021   Data   RO        20842    .constdata          lv_timer.o
    0x0805691d   0x0805691d   0x00000026   Data   RO        20863    .constdata          lv_txt.o
    0x08056943   0x08056943   0x00000001   PAD
    0x08056944   0x08056944   0x00000029   Data   RO        20979    .constdata          lv_arc.o
    0x0805696d   0x0805696d   0x00000003   PAD
    0x08056970   0x08056970   0x0000001c   Data   RO        21143    .constdata          lv_bar.o
    0x0805698c   0x0805698c   0x0000001c   Data   RO        21248    .constdata          lv_btn.o
    0x080569a8   0x080569a8   0x0000003c   Data   RO        21272    .constdata          lv_btnmatrix.o
    0x080569e4   0x080569e4   0x0000001c   Data   RO        21459    .constdata          lv_checkbox.o
    0x08056a00   0x08056a00   0x000000a3   Data   RO        21553    .constdata          lv_dropdown.o
    0x08056aa3   0x08056aa3   0x00000001   PAD
    0x08056aa4   0x08056aa4   0x00000034   Data   RO        21651    .constdata          lv_img.o
    0x08056ad8   0x08056ad8   0x000000b5   Data   RO        21745    .constdata          lv_label.o
    0x08056b8d   0x08056b8d   0x00000003   PAD
    0x08056b90   0x08056b90   0x0000001c   Data   RO        21845    .constdata          lv_line.o
    0x08056bac   0x08056bac   0x00000069   Data   RO        21870    .constdata          lv_roller.o
    0x08056c15   0x08056c15   0x00000003   PAD
    0x08056c18   0x08056c18   0x0000001c   Data   RO        21952    .constdata          lv_slider.o
    0x08056c34   0x08056c34   0x0000001c   Data   RO        22068    .constdata          lv_switch.o
    0x08056c50   0x08056c50   0x000000f0   Data   RO        22172    .constdata          lv_table.o
    0x08056d40   0x08056d40   0x000000c5   Data   RO        22256    .constdata          lv_textarea.o
    0x08056e05   0x08056e05   0x00000003   PAD
    0x08056e08   0x08056e08   0x00001d58   Data   RO        23590    .constdata          correct.o
    0x08058b60   0x08058b60   0x00002d18   Data   RO        23616    .constdata          incorrect.o
    0x0805b878   0x0805b878   0x00000018   Data   RO        24203    .constdata          malloc.o
    0x0805b890   0x0805b890   0x00000028   Data   RO        24264    .constdata          c_w.l(_printf_hex_int_ll_ptr.o)
    0x0805b8b8   0x0805b8b8   0x00000011   Data   RO        24284    .constdata          c_w.l(__printf_flags_ss_wp.o)
    0x0805b8c9   0x0805b8c9   0x00000003   PAD
    0x0805b8cc   0x0805b8cc   0x00000008   Data   RO        24412    .constdata          c_w.l(_printf_wctomb.o)
    0x0805b8d4   0x0805b8d4   0x00000026   Data   RO        24496    .constdata          c_w.l(_printf_fp_hex.o)
    0x0805b8fa   0x0805b8fa   0x00000002   PAD
    0x0805b8fc   0x0805b8fc   0x00000094   Data   RO        24530    .constdata          c_w.l(bigflt0.o)
    0x0805b990   0x0805b990   0x00000079   Data   RO          625    .conststring        touch.o
    0x0805ba09   0x0805ba09   0x00000003   PAD
    0x0805ba0c   0x0805ba0c   0x0000009e   Data   RO         2221    .conststring        lv_obj.o
    0x0805baaa   0x0805baaa   0x00000002   PAD
    0x0805baac   0x0805baac   0x0000005a   Data   RO         2924    .conststring        lv_refr.o
    0x0805bb06   0x0805bb06   0x00000002   PAD
    0x0805bb08   0x0805bb08   0x00000051   Data   RO         3954    .conststring        lv_draw_sw_letter.o
    0x0805bb59   0x0805bb59   0x00000003   PAD
    0x0805bb5c   0x0805bb5c   0x00000041   Data   RO         4615    .conststring        lv_draw_label.o
    0x0805bb9d   0x0805bb9d   0x00000003   PAD
    0x0805bba0   0x0805bba0   0x0000004b   Data   RO         5052    .conststring        lv_img_cache.o
    0x0805bbeb   0x0805bbeb   0x00000001   PAD
    0x0805bbec   0x0805bbec   0x00000063   Data   RO        11611    .conststring        lv_calendar.o
    0x0805bc4f   0x0805bc4f   0x00000001   PAD
    0x0805bc50   0x0805bc50   0x00000069   Data   RO        12010    .conststring        lv_calendar_header_arrow.o
    0x0805bcb9   0x0805bcb9   0x00000003   PAD
    0x0805bcbc   0x0805bcbc   0x0000028c   Data   RO        12193    .conststring        lv_calendar_header_dropdown.o
    0x0805bf48   0x0805bf48   0x00000189   Data   RO        13501    .conststring        lv_keyboard.o
    0x0805c0d1   0x0805c0d1   0x00000003   PAD
    0x0805c0d4   0x0805c0d4   0x00000046   Data   RO        16820    .conststring        lv_tileview.o
    0x0805c11a   0x0805c11a   0x00000002   PAD
    0x0805c11c   0x0805c11c   0x00000050   Data   RO        18209    .conststring        lv_font_fmt_txt.o
    0x0805c16c   0x0805c16c   0x00000057   Data   RO        20269    .conststring        lv_hal_indev.o
    0x0805c1c3   0x0805c1c3   0x00000001   PAD
    0x0805c1c4   0x0805c1c4   0x00000026   Data   RO        20698    .conststring        lv_log.o
    0x0805c1ea   0x0805c1ea   0x00000002   PAD
    0x0805c1ec   0x0805c1ec   0x00000051   Data   RO        20749    .conststring        lv_mem.o
    0x0805c23d   0x0805c23d   0x00000003   PAD
    0x0805c240   0x0805c240   0x00000025   Data   RO        21273    .conststring        lv_btnmatrix.o
    0x0805c265   0x0805c265   0x00000003   PAD
    0x0805c268   0x0805c268   0x00000046   Data   RO        22173    .conststring        lv_table.o
    0x0805c2ae   0x0805c2ae   0x00000002   PAD
    0x0805c2b0   0x0805c2b0   0x0000004b   Data   RO        22257    .conststring        lv_textarea.o
    0x0805c2fb   0x0805c2fb   0x00000001   PAD
    0x0805c2fc   0x0805c2fc   0x00000020   Data   RO        24693    Region$$Table       anon$$obj.o
    0x0805c31c   0x0805c31c   0x0000001c   Data   RO        24554    locale$$data        c_w.l(lc_numeric_c.o)
    0x0805c338   0x0805c338   0x00000110   Data   RO        24579    locale$$data        c_w.l(lc_ctype_c.o)


    Execution Region RW_IRAM1 (Exec base: 0x20000000, Load base: 0x0805c448, Size: 0x0000e4e0, Max: 0x00010000, ABSOLUTE, COMPRESSED[0x00000124])

    Exec Addr    Load Addr    Size         Type   Attr      Idx    E Section Name        Object

    0x20000000   COMPRESSED   0x00000001   Data   RW           25    .data               delay.o
    0x20000001   COMPRESSED   0x00000003   PAD
    0x20000004   COMPRESSED   0x00000006   Data   RW          186    .data               usart.o
    0x2000000a   COMPRESSED   0x00000014   Data   RW          400    .data               stm32f10x_rcc.o
    0x2000001e   COMPRESSED   0x00000001   Data   RW          501    .data               key.o
    0x2000001f   COMPRESSED   0x00000001   PAD
    0x20000020   COMPRESSED   0x00000004   Data   RW          522    .data               lcd.o
    0x20000024   COMPRESSED   0x00000036   Data   RW          626    .data               touch.o
    0x2000005a   COMPRESSED   0x00000001   Data   RW          680    .data               ott2001a.o
    0x2000005b   COMPRESSED   0x00000007   Data   RW          700    .data               ft5206.o
    0x20000062   COMPRESSED   0x00000001   Data   RW          722    .data               gt9147.o
    0x20000063   COMPRESSED   0x00000001   PAD
    0x20000064   COMPRESSED   0x00000014   Data   RW         1574    .data               lv_port_indev_template.o
    0x20000078   COMPRESSED   0x00000008   Data   RW         1774    .data               lv_event.o
    0x20000080   COMPRESSED   0x00000004   Data   RW         1917    .data               lv_group.o
    0x20000084   COMPRESSED   0x00000009   Data   RW         2073    .data               lv_indev.o
    0x2000008d   COMPRESSED   0x00000003   PAD
    0x20000090   COMPRESSED   0x00000008   Data   RW         2222    .data               lv_obj.o
    0x20000098   COMPRESSED   0x00000005   Data   RW         2488    .data               lv_obj_pos.o
    0x2000009d   COMPRESSED   0x00000001   Data   RW         2692    .data               lv_obj_style.o
    0x2000009e   COMPRESSED   0x00000002   PAD
    0x200000a0   COMPRESSED   0x00000008   Data   RW         2925    .data               lv_refr.o
    0x200000a8   COMPRESSED   0x00000009   Data   RW         3807    .data               lv_draw_sw_gradient.o
    0x200000b1   COMPRESSED   0x00000003   PAD
    0x200000b4   COMPRESSED   0x00000008   Data   RW         3955    .data               lv_draw_sw_letter.o
    0x200000bc   COMPRESSED   0x0000000e   Data   RW         5161    .data               lv_flex.o
    0x200000ca   COMPRESSED   0x00000002   PAD
    0x200000cc   COMPRESSED   0x00000018   Data   RW         5329    .data               lv_grid.o
    0x200000e4   COMPRESSED   0x00000020   Data   RW        10410    .data               lv_theme_default.o
    0x20000104   COMPRESSED   0x0000001c   Data   RW        11612    .data               lv_calendar.o
    0x20000120   COMPRESSED   0x00000030   Data   RW        12011    .data               lv_calendar_header_arrow.o
    0x20000150   COMPRESSED   0x00000008   Data   RW        12194    .data               lv_calendar_header_dropdown.o
    0x20000158   COMPRESSED   0x00000007   Data   RW        12706    .data               lv_colorwheel.o
    0x2000015f   COMPRESSED   0x00000001   PAD
    0x20000160   COMPRESSED   0x00000048   Data   RW        13502    .data               lv_keyboard.o
    0x200001a8   COMPRESSED   0x00000008   Data   RW        16024    .data               lv_spinner.o
    0x200001b0   COMPRESSED   0x00000004   Data   RW        16422    .data               lv_tabview.o
    0x200001b4   COMPRESSED   0x0000000c   Data   RW        16821    .data               lv_tileview.o
    0x200001c0   COMPRESSED   0x00000002   Data   RW        16983    .data               lv_win.o
    0x200001c2   COMPRESSED   0x00000002   PAD
    0x200001c4   COMPRESSED   0x00000008   Data   RW        18287    .data               lv_font_montserrat_10.o
    0x200001cc   COMPRESSED   0x00000008   Data   RW        18705    .data               lv_font_montserrat_14.o
    0x200001d4   COMPRESSED   0x00000008   Data   RW        19123    .data               lv_font_montserrat_20.o
    0x200001dc   COMPRESSED   0x0000000d   Data   RW        20086    .data               lv_hal_disp.o
    0x200001e9   COMPRESSED   0x00000003   PAD
    0x200001ec   COMPRESSED   0x0000000c   Data   RW        20451    .data               lv_anim.o
    0x200001f8   COMPRESSED   0x00000014   Data   RW        20662    .data               lv_gc.o
    0x2000020c   COMPRESSED   0x0000001c   Data   RW        20699    .data               lv_log.o
    0x20000228   COMPRESSED   0x00000004   Data   RW        20734    .data               lv_math.o
    0x2000022c   COMPRESSED   0x00000004   Data   RW        20750    .data               lv_mem.o
    0x20000230   COMPRESSED   0x00000002   Data   RW        20784    .data               lv_style.o
    0x20000232   COMPRESSED   0x00000002   PAD
    0x20000234   COMPRESSED   0x00000014   Data   RW        20843    .data               lv_timer.o
    0x20000248   COMPRESSED   0x00000020   Data   RW        20864    .data               lv_txt.o
    0x20000268   COMPRESSED   0x0000001c   Data   RW        21274    .data               lv_btnmatrix.o
    0x20000284   COMPRESSED   0x00000004   Data   RW        22258    .data               lv_textarea.o
    0x20000288   COMPRESSED   0x000000a0   Data   RW        23340    .data               lv_mainstart.o
    0x20000328   COMPRESSED   0x00000026   Data   RW        23601    .data               lv_cb.o
    0x2000034e   COMPRESSED   0x00000002   PAD
    0x20000350   COMPRESSED   0x00000014   Data   RW        23682    .data               system_stm32f10x.o
    0x20000364   COMPRESSED   0x0000000c   Data   RW        23700    .data               lvgl_demo.o
    0x20000370   COMPRESSED   0x00000040   Data   RW        24104    .data               tasks.o
    0x200003b0   COMPRESSED   0x00000014   Data   RW        24135    .data               timers.o
    0x200003c4   COMPRESSED   0x00000020   Data   RW        24156    .data               heap_4.o
    0x200003e4   COMPRESSED   0x0000000c   Data   RW        24171    .data               port.o
    0x200003f0   COMPRESSED   0x0000001c   Data   RW        24204    .data               malloc.o
    0x2000040c        -       0x000000c8   Zero   RW          185    .bss                usart.o
    0x200004d4        -       0x0000000e   Zero   RW          520    .bss                lcd.o
    0x200004e2   COMPRESSED   0x00000002   PAD
    0x200004e4        -       0x00000068   Zero   RW         1167    .bss                lv_port_disp_template.o
    0x2000054c        -       0x00000040   Zero   RW         1573    .bss                lv_port_indev_template.o
    0x2000058c        -       0x00000018   Zero   RW         2922    .bss                lv_refr.o
    0x200005a4        -       0x00000100   Zero   RW         3952    .bss                lv_draw_sw_letter.o
    0x200006a4        -       0x0000004c   Zero   RW        10408    .bss                lv_theme_default.o
    0x200006f0        -       0x000001fc   Zero   RW        20661    .bss                lv_gc.o
    0x200008ec        -       0x00000032   Zero   RW        23600    .bss                lv_cb.o
    0x2000091e   COMPRESSED   0x00000002   PAD
    0x20000920        -       0x00000040   Zero   RW        24060    .bss                queue.o
    0x20000960        -       0x000002e4   Zero   RW        24103    .bss                tasks.o
    0x20000c44        -       0x00000028   Zero   RW        24134    .bss                timers.o
    0x20000c6c        -       0x00002800   Zero   RW        24155    .bss                heap_4.o
    0x2000346c   COMPRESSED   0x00000014   PAD
    0x20003480        -       0x0000aa00   Zero   RW        24202    .bss                malloc.o
    0x2000de80        -       0x00000060   Zero   RW        24513    .bss                c_w.l(libspace.o)
    0x2000dee0        -       0x00000200   Zero   RW           18    HEAP                startup_stm32f10x_hd.o
    0x2000e0e0        -       0x00000400   Zero   RW           17    STACK               startup_stm32f10x_hd.o



  Load Region LR$$.ARM.__AT_0x68000000 (Base: 0x68000000, Size: 0x00000000, Max: 0x00002800, ABSOLUTE)

    Execution Region ER$$.ARM.__AT_0x68000000 (Exec base: 0x68000000, Load base: 0x68000000, Size: 0x00002800, Max: 0x00002800, ABSOLUTE, UNINIT)

    Exec Addr    Load Addr    Size         Type   Attr      Idx    E Section Name        Object

    0x68000000        -       0x00002800   Zero   RW        24200    .ARM.__AT_0x68000000  malloc.o



  Load Region LR$$.ARM.__AT_0x68002800 (Base: 0x68002800, Size: 0x00000000, Max: 0x00000280, ABSOLUTE)

    Execution Region ER$$.ARM.__AT_0x68002800 (Exec base: 0x68002800, Load base: 0x68002800, Size: 0x00000280, Max: 0x00000280, ABSOLUTE, UNINIT)

    Exec Addr    Load Addr    Size         Type   Attr      Idx    E Section Name        Object

    0x68002800        -       0x00000280   Zero   RW        24201    .ARM.__AT_0x68002800  malloc.o



  Load Region LR$$.ARM.__AT_0x68002A80 (Base: 0x68002a80, Size: 0x00000000, Max: 0x000bb800, ABSOLUTE)

    Execution Region ER$$.ARM.__AT_0x68002A80 (Exec base: 0x68002a80, Load base: 0x68002a80, Size: 0x000bb800, Max: 0x000bb800, ABSOLUTE, UNINIT)

    Exec Addr    Load Addr    Size         Type   Attr      Idx    E Section Name        Object

    0x68002a80        -       0x000bb800   Zero   RW         1165    .ARM.__AT_0x68002A80  lv_port_disp_template.o



  Load Region LR$$.ARM.__AT_0x680BE280 (Base: 0x680be280, Size: 0x00000000, Max: 0x000bb800, ABSOLUTE)

    Execution Region ER$$.ARM.__AT_0x680BE280 (Exec base: 0x680be280, Load base: 0x680be280, Size: 0x000bb800, Max: 0x000bb800, ABSOLUTE, UNINIT)

    Exec Addr    Load Addr    Size         Type   Attr      Idx    E Section Name        Object

    0x680be280        -       0x000bb800   Zero   RW         1166    .ARM.__AT_0x680BE280  lv_port_disp_template.o


==============================================================================

Image component sizes


      Code (inc. data)   RO Data    RW Data    ZI Data      Debug   Object Name

       378          0          0          0          0       2790   24cxx.o
         0          0          0          0          0       4548   core_cm3.o
         0          0       7512          0          0        642   correct.o
       644         24          0          0          0       2045   ctiic.o
       188         12          0          1          0     272211   delay.o
         0          0          0          0          0      13156   event_groups.o
      1408         76         20          7          0       2943   ft5206.o
      1112         74        194          1          0       3054   gt9147.o
       848        102          0         32      10240       3806   heap_4.o
         0          0      11544          0          0        658   incorrect.o
       252         12          0          1          0        836   key.o
     13388        124       6080          4         14      19930   lcd.o
        76          8          0          0          0        491   led.o
       148          0          0          0          0       1958   list.o
         0          0          0          0          0        400   lodepng.o
      1740        150         14         12          0      30519   lv_anim.o
      4110         92         41          0          0      70544   lv_arc.o
      2268         22          0          0          0       9463   lv_area.o
        88          4          0          0          0       1812   lv_async.o
      2804         30         28          0          0      58469   lv_bar.o
         0          0          0          0          0       5283   lv_bidi.o
        68          6         28          0          0       1491   lv_btn.o
      5552        184         97         28          0      52303   lv_btnmatrix.o
      1656        100        161         28          0      59412   lv_calendar.o
       548         32        133         48          0      50945   lv_calendar_header_arrow.o
       412         26        680          8          0      36904   lv_calendar_header_dropdown.o
      3876       1450          0         38         50       5990   lv_cb.o
     11962        468        566          0          0      92092   lv_chart.o
      1394         16         28          0          0      48274   lv_checkbox.o
      1460        172        434          0          0      11252   lv_color.o
      3664         30         28          7          0      76271   lv_colorwheel.o
      2180        502        213          0          0      54901   lv_disp.o
         2          0          0          0          0      17646   lv_draw.o
      1234          0          0          0          0      21632   lv_draw_arc.o
      1404        218         48          0          0      30639   lv_draw_img.o
      2280        104         79          0          0      30266   lv_draw_label.o
       134          0          0          0          0      30684   lv_draw_line.o
      8044        362         80          0          0      25825   lv_draw_mask.o
       272          6          0          0          0      25093   lv_draw_rect.o
       108         32          0          0          0      38342   lv_draw_sw.o
      3482          0          0          0          0      37680   lv_draw_sw_arc.o
      4018        136         25          0          0      53285   lv_draw_sw_blend.o
      1620        240         57          9          0      18326   lv_draw_sw_gradient.o
      1460          0          0          0          0      26605   lv_draw_sw_img.o
      1468        232        404          8        256      25441   lv_draw_sw_letter.o
      2552          4         33          0          0      26890   lv_draw_sw_line.o
       912          4          8          0          0      22621   lv_draw_sw_polygon.o
      8364        100         12          0          0      37700   lv_draw_sw_rect.o
      5356        330        163          0          0      56382   lv_dropdown.o
      2448        274        366          8          0      53509   lv_event.o
        12          0          0          0          0        500   lv_extra.o
      4008        220         15         14          0      71787   lv_flex.o
       420        156         71          0          0       6925   lv_font.o
         0          0          0          0          0       4600   lv_font_dejavu_16_persian_hebrew.o
      1060         76        107          0          0       7233   lv_font_fmt_txt.o
         0          0       9356          8          0       2890   lv_font_montserrat_10.o
         0          0      13636          8          0       2890   lv_font_montserrat_14.o
         0          0      21792          8          0       2890   lv_font_montserrat_20.o
      2120        358         48          0          0       9875   lv_fs.o
         0          0          0         20        508       1545   lv_gc.o
      3928        110          0         24          0      78355   lv_grid.o
      1890        166         33          4          0      53808   lv_group.o
      3140        432         64         13          0      58599   lv_hal_disp.o
       936        270        160          0          0      46913   lv_hal_indev.o
        34          0          0          0          0        760   lv_hal_tick.o
      4404        240         52          0          0      55432   lv_img.o
      4570        134         23          0          0      23177   lv_img_buf.o
       244        116        116          0          0       6543   lv_img_cache.o
      3744        700        195          0          0      21257   lv_img_decoder.o
      5088        324         61          9          0      26076   lv_indev.o
      3406          8          0          0          0      49981   lv_indev_scroll.o
      1072         66       1307         72          0      56264   lv_keyboard.o
      6192        334        181          0          0      64847   lv_label.o
      1020          8         28          0          0      55181   lv_led.o
       652          4         28          0          0      12710   lv_line.o
       284         20         84          0          0      50478   lv_list.o
       834          0          0          0          0       5567   lv_ll.o
       236         62         38         28          0       1546   lv_log.o
      5882        672          0        160          0      42950   lv_mainstart.o
       580         10        182          4          0       3589   lv_math.o
      2078        396        155          4          0       6011   lv_mem.o
      2432         66        252          0          0      59602   lv_menu.o
      4548        186        138          0          0      78545   lv_meter.o
         0          0        101          0          0      65653   lv_msgbox.o
      4784        224        220          8          0      60648   lv_obj.o
       696        122         24          0          0       3028   lv_obj_class.o
      2478          0          0          0          0      64364   lv_obj_draw.o
      7064        194         28          5          0      63485   lv_obj_pos.o
      5528         46          0          0          0      61216   lv_obj_scroll.o
      4924        196         48          1          0      61882   lv_obj_style.o
      2450          0          0          0          0      43568   lv_obj_style_gen.o
      1880        196         45          0          0      35021   lv_obj_tree.o
       216         26          0          0    1536104      49650   lv_port_disp_template.o
       372         52          0         20         64       2886   lv_port_indev_template.o
      2408         10          0          0          0       8155   lv_printf.o
      4764        310        174          8         24      52488   lv_refr.o
      3696        270        105          0          0      50692   lv_roller.o
      3060          4         28          0          0      52728   lv_slider.o
      1712         18         28          0          0      59951   lv_spinbox.o
       248         24         28          8          0      53621   lv_spinner.o
      1476        180         54          2          0      20969   lv_style.o
      2046          0          0          0          0      34557   lv_style_gen.o
      1148         12         28          0          0      48052   lv_switch.o
      5756        464        310          0          0      54810   lv_table.o
      1388         38         28          4          0      66417   lv_tabview.o
      6456        382        272          4          0      67694   lv_textarea.o
       256          8          0          0          0      51972   lv_theme.o
     12884        516         22         32         76      63590   lv_theme_default.o
       732         68        145         12          0      52543   lv_tileview.o
       900        208         33         20          0       5393   lv_timer.o
      2488        214         38         32          0      14727   lv_txt.o
        84          0          0          0          0        932   lv_utils.o
       320          8         28          2          0      53178   lv_win.o
       212         56          0         12          0       1257   lvgl_demo.o
        52          0          0          0          0        451   main.o
       600         16         24         28      54400       5339   malloc.o
       220         22          0          0          0       1745   misc.o
       620         14          0          0          0       1876   myiic.o
       876         56         10          1          0       2691   ott2001a.o
       894        114          0         12          0       7755   port.o
      4308         68          0          0         64      21126   queue.o
       280         16          0          0          0       1973   sram.o
        64         26        304          0       1536        800   startup_stm32f10x_hd.o
      1548         18          0          0          0       5327   stm32f10x_fsmc.o
       860         38          0          0          0       5681   stm32f10x_gpio.o
        20          0          0          0          0        903   stm32f10x_it.o
       932         36          0         20          0       8848   stm32f10x_rcc.o
      3610         88          0          0          0      22788   stm32f10x_tim.o
      1032         22          0          0          0       8404   stm32f10x_usart.o
       480         38          0         20          0       1719   system_stm32f10x.o
      8888        504          0         64        740      42537   tasks.o
       116          4          0          0          0      48674   timer.o
      1740        122          0         20         40      14988   timers.o
      4020        222        125         54          0       6829   touch.o
       320         18          0          6        200       3122   usart.o

    ----------------------------------------------------------------------
    286140      16180      79554       1036    1604340    4081988   Object Totals
         0          0         32          0          0          0   (incl. Generated)
        38          0         74         25         24          0   (incl. Padding)

    ----------------------------------------------------------------------

      Code (inc. data)   RO Data    RW Data    ZI Data      Debug   Library Member Name

        24          4          0          0          0         84   __2printf.o
        44          6          0          0          0         84   __2sprintf.o
        90          0          0          0          0          0   __dczerorl2.o
         8          0          0          0          0         68   __main.o
       392          4         17          0          0         92   __printf_flags_ss_wp.o
        14          0          0          0          0         68   __printf_wp.o
         0          0          0          0          0          0   __rtentry.o
        12          0          0          0          0          0   __rtentry2.o
         6          0          0          0          0          0   __rtentry4.o
        52          8          0          0          0          0   __scatter.o
        28          0          0          0          0          0   __scatter_zi.o
         6          0          0          0          0          0   _printf_a.o
         6          0          0          0          0          0   _printf_c.o
        44          0          0          0          0        108   _printf_char.o
        48          6          0          0          0         96   _printf_char_common.o
        36          4          0          0          0         80   _printf_char_file.o
        40          0          0          0          0         68   _printf_charcount.o
         6          0          0          0          0          0   _printf_d.o
       120         16          0          0          0         92   _printf_dec.o
         6          0          0          0          0          0   _printf_e.o
         6          0          0          0          0          0   _printf_f.o
      1054          0          0          0          0        216   _printf_fp_dec.o
       764          8         38          0          0        100   _printf_fp_hex.o
       128         16          0          0          0         84   _printf_fp_infnan.o
         6          0          0          0          0          0   _printf_g.o
       148          4         40          0          0        160   _printf_hex_int_ll_ptr.o
         6          0          0          0          0          0   _printf_i.o
       178          0          0          0          0         88   _printf_intcommon.o
        10          0          0          0          0          0   _printf_l.o
         6          0          0          0          0          0   _printf_lc.o
        10          0          0          0          0          0   _printf_ll.o
         6          0          0          0          0          0   _printf_lld.o
         6          0          0          0          0          0   _printf_lli.o
         6          0          0          0          0          0   _printf_llo.o
         6          0          0          0          0          0   _printf_llu.o
         6          0          0          0          0          0   _printf_llx.o
       124         16          0          0          0         92   _printf_longlong_dec.o
         6          0          0          0          0          0   _printf_ls.o
         6          0          0          0          0          0   _printf_n.o
         6          0          0          0          0          0   _printf_o.o
       112         10          0          0          0        124   _printf_oct_int_ll.o
         6          0          0          0          0          0   _printf_p.o
        78          0          0          0          0        108   _printf_pad.o
         0          0          0          0          0          0   _printf_percent.o
         4          0          0          0          0          0   _printf_percent_end.o
         6          0          0          0          0          0   _printf_s.o
        82          0          0          0          0         80   _printf_str.o
        36          0          0          0          0         84   _printf_truncate.o
         6          0          0          0          0          0   _printf_u.o
        44          0          0          0          0        108   _printf_wchar.o
       188          6          8          0          0         92   _printf_wctomb.o
         6          0          0          0          0          0   _printf_x.o
        22          0          0          0          0        100   _rserrno.o
        10          0          0          0          0         68   _sputc.o
        64          0          0          0          0         92   _wcrtomb.o
        16          0          0          0          0         68   aeabi_memset.o
       228          4        148          0          0         96   bigflt0.o
      1936        128          0          0          0        672   btod.o
        18          0          0          0          0         80   exit.o
         8          0          0          0          0         68   ferror.o
         6          0          0          0          0        152   heapauxi.o
        44         10        272          0          0         76   lc_ctype_c.o
        44         10         28          0          0         76   lc_numeric_c.o
         2          0          0          0          0          0   libinit.o
        30          0          0          0          0          0   libinit2.o
         2          0          0          0          0          0   libshutdown.o
         2          0          0          0          0          0   libshutdown2.o
         8          4          0          0         96         68   libspace.o
       138          0          0          0          0         80   lludiv10.o
       238          0          0          0          0        100   lludivv7m.o
        44          4          0          0          0         84   puts.o
        16          4          0          0          0         76   rt_ctype_table.o
         8          4          0          0          0         68   rt_errno_addr_intlibspace.o
         8          4          0          0          0         68   rt_locale_intlibspace.o
        68          0          0          0          0         68   rt_memclr.o
        78          0          0          0          0         80   rt_memclr_w.o
       138          0          0          0          0         68   rt_memcpy_v6.o
       100          0          0          0          0         80   rt_memcpy_w.o
         2          0          0          0          0          0   rtexit.o
        10          0          0          0          0          0   rtexit2.o
        24          0          0          0          0         68   strcat.o
       128          0          0          0          0         68   strcmpv7m.o
        72          0          0          0          0         80   strcpy.o
        62          0          0          0          0         76   strlen.o
        74          0          0          0          0         80   sys_stackheap_outer.o
         2          0          0          0          0         68   use_no_semi.o
         2          0          0          0          0         68   use_no_semi_2.o
        12          4          0          0          0         68   vprintf.o
       826         16          0          0          0        348   daddsub_clz.o
        24          0          0          0          0         68   dcmpi.o
        94          4          0          0          0         92   dfix.o
        90          4          0          0          0         92   dfixu.o
        84          0          0          0          0        136   dflt_clz.o
       120          4          0          0          0         92   dleqf.o
       340         12          0          0          0        104   dmul.o
       156          4          0          0          0         92   dnaninf.o
        12          0          0          0          0         68   dretinf.o
       108          0          0          0          0         80   drleqf.o
       460         56          0          0          0        120   dsqrt_noumaal.o
        86          4          0          0          0         84   f2d.o
       430          8          0          0          0        168   faddsub_clz.o
       388         76          0          0          0         96   fdiv.o
        54          4          0          0          0         84   ffix.o
        62          4          0          0          0         84   ffixu.o
        86          0          0          0          0        136   fflt_clz.o
       258          4          0          0          0         84   fmul.o
       140          4          0          0          0         84   fnaninf.o
        10          0          0          0          0         68   fretinf.o
         4          0          0          0          0         68   printf1.o
         4          0          0          0          0         68   printf2.o
         0          0          0          0          0          0   usenofp.o
        40          0          0          0          0         68   fpclassify.o
        76          0          0          0          0         84   sqrt.o

    ----------------------------------------------------------------------
     11678        488        556          0         96       7608   Library Totals
        24          0          5          0          0          0   (incl. Padding)

    ----------------------------------------------------------------------

      Code (inc. data)   RO Data    RW Data    ZI Data      Debug   Library Name

      7702        284        551          0         96       5140   c_w.l
      3836        204          0          0          0       2316   fz_ws.l
       116          0          0          0          0        152   m_ws.l

    ----------------------------------------------------------------------
     11678        488        556          0         96       7608   Library Totals

    ----------------------------------------------------------------------

==============================================================================


      Code (inc. data)   RO Data    RW Data    ZI Data      Debug   

    297818      16668      80110       1036    1604436    4074668   Grand Totals
    297818      16668      80110        292    1604436    4074668   ELF Image Totals (compressed)
    297818      16668      80110        292          0          0   ROM Totals

==============================================================================

    Total RO  Size (Code + RO Data)               377928 ( 369.07kB)
    Total RW  Size (RW Data + ZI Data)           1605472 (1567.84kB)
    Total ROM Size (Code + RO Data + RW Data)     378220 ( 369.36kB)

==============================================================================

